Archive member included to satisfy reference by file (symbol)

c:/st/stm32cubeide_1.11.2/stm32cubeide/plugins/com.st.stm32cube.ide.mcu.externaltools.gnu-tools-for-stm32.10.3-2021.10.win32_1.0.100.202210260954/tools/bin/../lib/gcc/arm-none-eabi/10.3.1/../../../../arm-none-eabi/lib/thumb/v7e-m+fp/hard\libc_nano.a(lib_a-errno.o)
                              ./Core/Src/syscalls.o (__errno)
c:/st/stm32cubeide_1.11.2/stm32cubeide/plugins/com.st.stm32cube.ide.mcu.externaltools.gnu-tools-for-stm32.10.3-2021.10.win32_1.0.100.202210260954/tools/bin/../lib/gcc/arm-none-eabi/10.3.1/../../../../arm-none-eabi/lib/thumb/v7e-m+fp/hard\libc_nano.a(lib_a-exit.o)
                              c:/st/stm32cubeide_1.11.2/stm32cubeide/plugins/com.st.stm32cube.ide.mcu.externaltools.gnu-tools-for-stm32.10.3-2021.10.win32_1.0.100.202210260954/tools/bin/../lib/gcc/arm-none-eabi/10.3.1/../../../../arm-none-eabi/lib/thumb/v7e-m+fp/hard/crt0.o (exit)
c:/st/stm32cubeide_1.11.2/stm32cubeide/plugins/com.st.stm32cube.ide.mcu.externaltools.gnu-tools-for-stm32.10.3-2021.10.win32_1.0.100.202210260954/tools/bin/../lib/gcc/arm-none-eabi/10.3.1/../../../../arm-none-eabi/lib/thumb/v7e-m+fp/hard\libc_nano.a(lib_a-impure.o)
                              c:/st/stm32cubeide_1.11.2/stm32cubeide/plugins/com.st.stm32cube.ide.mcu.externaltools.gnu-tools-for-stm32.10.3-2021.10.win32_1.0.100.202210260954/tools/bin/../lib/gcc/arm-none-eabi/10.3.1/../../../../arm-none-eabi/lib/thumb/v7e-m+fp/hard\libc_nano.a(lib_a-exit.o) (_global_impure_ptr)
c:/st/stm32cubeide_1.11.2/stm32cubeide/plugins/com.st.stm32cube.ide.mcu.externaltools.gnu-tools-for-stm32.10.3-2021.10.win32_1.0.100.202210260954/tools/bin/../lib/gcc/arm-none-eabi/10.3.1/../../../../arm-none-eabi/lib/thumb/v7e-m+fp/hard\libc_nano.a(lib_a-init.o)
                              c:/st/stm32cubeide_1.11.2/stm32cubeide/plugins/com.st.stm32cube.ide.mcu.externaltools.gnu-tools-for-stm32.10.3-2021.10.win32_1.0.100.202210260954/tools/bin/../lib/gcc/arm-none-eabi/10.3.1/../../../../arm-none-eabi/lib/thumb/v7e-m+fp/hard/crt0.o (__libc_init_array)
c:/st/stm32cubeide_1.11.2/stm32cubeide/plugins/com.st.stm32cube.ide.mcu.externaltools.gnu-tools-for-stm32.10.3-2021.10.win32_1.0.100.202210260954/tools/bin/../lib/gcc/arm-none-eabi/10.3.1/../../../../arm-none-eabi/lib/thumb/v7e-m+fp/hard\libc_nano.a(lib_a-malloc.o)
                              ./Middlewares/USB_Host_Library/usbh_hid.o (malloc)
c:/st/stm32cubeide_1.11.2/stm32cubeide/plugins/com.st.stm32cube.ide.mcu.externaltools.gnu-tools-for-stm32.10.3-2021.10.win32_1.0.100.202210260954/tools/bin/../lib/gcc/arm-none-eabi/10.3.1/../../../../arm-none-eabi/lib/thumb/v7e-m+fp/hard\libc_nano.a(lib_a-memset.o)
                              c:/st/stm32cubeide_1.11.2/stm32cubeide/plugins/com.st.stm32cube.ide.mcu.externaltools.gnu-tools-for-stm32.10.3-2021.10.win32_1.0.100.202210260954/tools/bin/../lib/gcc/arm-none-eabi/10.3.1/../../../../arm-none-eabi/lib/thumb/v7e-m+fp/hard/crt0.o (memset)
c:/st/stm32cubeide_1.11.2/stm32cubeide/plugins/com.st.stm32cube.ide.mcu.externaltools.gnu-tools-for-stm32.10.3-2021.10.win32_1.0.100.202210260954/tools/bin/../lib/gcc/arm-none-eabi/10.3.1/../../../../arm-none-eabi/lib/thumb/v7e-m+fp/hard\libc_nano.a(lib_a-nano-freer.o)
                              c:/st/stm32cubeide_1.11.2/stm32cubeide/plugins/com.st.stm32cube.ide.mcu.externaltools.gnu-tools-for-stm32.10.3-2021.10.win32_1.0.100.202210260954/tools/bin/../lib/gcc/arm-none-eabi/10.3.1/../../../../arm-none-eabi/lib/thumb/v7e-m+fp/hard\libc_nano.a(lib_a-malloc.o) (_free_r)
c:/st/stm32cubeide_1.11.2/stm32cubeide/plugins/com.st.stm32cube.ide.mcu.externaltools.gnu-tools-for-stm32.10.3-2021.10.win32_1.0.100.202210260954/tools/bin/../lib/gcc/arm-none-eabi/10.3.1/../../../../arm-none-eabi/lib/thumb/v7e-m+fp/hard\libc_nano.a(lib_a-nano-mallocr.o)
                              c:/st/stm32cubeide_1.11.2/stm32cubeide/plugins/com.st.stm32cube.ide.mcu.externaltools.gnu-tools-for-stm32.10.3-2021.10.win32_1.0.100.202210260954/tools/bin/../lib/gcc/arm-none-eabi/10.3.1/../../../../arm-none-eabi/lib/thumb/v7e-m+fp/hard\libc_nano.a(lib_a-malloc.o) (_malloc_r)
c:/st/stm32cubeide_1.11.2/stm32cubeide/plugins/com.st.stm32cube.ide.mcu.externaltools.gnu-tools-for-stm32.10.3-2021.10.win32_1.0.100.202210260954/tools/bin/../lib/gcc/arm-none-eabi/10.3.1/../../../../arm-none-eabi/lib/thumb/v7e-m+fp/hard\libc_nano.a(lib_a-sbrkr.o)
                              c:/st/stm32cubeide_1.11.2/stm32cubeide/plugins/com.st.stm32cube.ide.mcu.externaltools.gnu-tools-for-stm32.10.3-2021.10.win32_1.0.100.202210260954/tools/bin/../lib/gcc/arm-none-eabi/10.3.1/../../../../arm-none-eabi/lib/thumb/v7e-m+fp/hard\libc_nano.a(lib_a-nano-mallocr.o) (_sbrk_r)
c:/st/stm32cubeide_1.11.2/stm32cubeide/plugins/com.st.stm32cube.ide.mcu.externaltools.gnu-tools-for-stm32.10.3-2021.10.win32_1.0.100.202210260954/tools/bin/../lib/gcc/arm-none-eabi/10.3.1/../../../../arm-none-eabi/lib/thumb/v7e-m+fp/hard\libc_nano.a(lib_a-mlock.o)
[...]
Memory Configuration

Name             Origin             Length             Attributes
RAM              0x0000000020000000 0x0000000000010000 xrw
FLASH            0x0000000008000000 0x0000000000040000 xr
*default*        0x0000000000000000 0xffffffffffffffff

Linker script and memory map

LOAD c:/st/stm32cubeide_1.11.2/stm32cubeide/plugins/com.st.stm32cube.ide.mcu.externaltools.gnu-tools-for-stm32.10.3-2021.10.win32_1.0.100.202210260954/tools/bin/../lib/gcc/arm-none-eabi/10.3.1/thumb/v7e-m+fp/hard/crti.o
LOAD c:/st/stm32cubeide_1.11.2/stm32cubeide/plugins/com.st.stm32cube.ide.mcu.externaltools.gnu-tools-for-stm32.10.3-2021.10.win32_1.0.100.202210260954/tools/bin/../lib/gcc/arm-none-eabi/10.3.1/thumb/v7e-m+fp/hard/crtbegin.o
LOAD c:/st/stm32cubeide_1.11.2/stm32cubeide/plugins/com.st.stm32cube.ide.mcu.externaltools.gnu-tools-for-stm32.10.3-2021.10.win32_1.0.100.202210260954/tools/bin/../lib/gcc/arm-none-eabi/10.3.1/../../../../arm-none-eabi/lib/thumb/v7e-m+fp/hard/crt0.o
LOAD ./Core/Src/OLED.o
LOAD ./Core/Src/main.o
LOAD ./Core/Src/stm32f4xx_hal_msp.o
LOAD ./Core/Src/stm32f4xx_it.o
LOAD ./Core/Src/syscalls.o
LOAD ./Core/Src/sysmem.o
LOAD ./Core/Src/system_stm32f4xx.o
LOAD ./Core/Startup/startup_stm32f401ccux.o
LOAD ./Drivers/STM32F4xx_HAL_Driver/stm32f4xx_hal.o
LOAD ./Drivers/STM32F4xx_HAL_Driver/stm32f4xx_hal_cortex.o
LOAD ./Drivers/STM32F4xx_HAL_Driver/stm32f4xx_hal_crc.o
LOAD ./Drivers/STM32F4xx_HAL_Driver/stm32f4xx_hal_dma.o
LOAD ./Drivers/STM32F4xx_HAL_Driver/stm32f4xx_hal_dma_ex.o
LOAD ./Drivers/STM32F4xx_HAL_Driver/stm32f4xx_hal_exti.o
LOAD ./Drivers/STM32F4xx_HAL_Driver/stm32f4xx_hal_flash.o
LOAD ./Drivers/STM32F4xx_HAL_Driver/stm32f4xx_hal_flash_ex.o
LOAD ./Drivers/STM32F4xx_HAL_Driver/stm32f4xx_hal_flash_ramfunc.o
LOAD ./Drivers/STM32F4xx_HAL_Driver/stm32f4xx_hal_gpio.o
LOAD ./Drivers/STM32F4xx_HAL_Driver/stm32f4xx_hal_hcd.o
LOAD ./Drivers/STM32F4xx_HAL_Driver/stm32f4xx_hal_pwr.o
LOAD ./Drivers/STM32F4xx_HAL_Driver/stm32f4xx_hal_pwr_ex.o
LOAD ./Drivers/STM32F4xx_HAL_Driver/stm32f4xx_hal_rcc.o
LOAD ./Drivers/STM32F4xx_HAL_Driver/stm32f4xx_hal_rcc_ex.o
LOAD ./Drivers/STM32F4xx_HAL_Driver/stm32f4xx_hal_uart.o
LOAD ./Drivers/STM32F4xx_HAL_Driver/stm32f4xx_ll_usb.o
LOAD ./Middlewares/USB_Host_Library/usbh_core.o
LOAD ./Middlewares/USB_Host_Library/usbh_ctlreq.o
LOAD ./Middlewares/USB_Host_Library/usbh_hid.o
LOAD ./Middlewares/USB_Host_Library/usbh_hid_keybd.o
LOAD ./Middlewares/USB_Host_Library/usbh_hid_mouse.o
LOAD ./Middlewares/USB_Host_Library/usbh_hid_parser.o
LOAD ./Middlewares/USB_Host_Library/usbh_ioreq.o
LOAD ./Middlewares/USB_Host_Library/usbh_pipes.o
LOAD ./USB_HOST/App/usb_host.o
LOAD ./USB_HOST/Target/usbh_conf.o
START GROUP
LOAD c:/st/stm32cubeide_1.11.2/stm32cubeide/plugins/com.st.stm32cube.ide.mcu.externaltools.gnu-tools-for-stm32.10.3-2021.10.win32_1.0.100.202210260954/tools/bin/../lib/gcc/arm-none-eabi/10.3.1/../../../../arm-none-eabi/lib/thumb/v7e-m+fp/hard\libc_nano.a
LOAD c:/st/stm32cubeide_1.11.2/stm32cubeide/plugins/com.st.stm32cube.ide.mcu.externaltools.gnu-tools-for-stm32.10.3-2021.10.win32_1.0.100.202210260954/tools/bin/../lib/gcc/arm-none-eabi/10.3.1/../../../../arm-none-eabi/lib/thumb/v7e-m+fp/hard\libm.a
END GROUP
START GROUP
LOAD c:/st/stm32cubeide_1.11.2/stm32cubeide/plugins/com.st.stm32cube.ide.mcu.externaltools.gnu-tools-for-stm32.10.3-2021.10.win32_1.0.100.202210260954/tools/bin/../lib/gcc/arm-none-eabi/10.3.1/thumb/v7e-m+fp/hard\libgcc.a
LOAD c:/st/stm32cubeide_1.11.2/stm32cubeide/plugins/com.st.stm32cube.ide.mcu.externaltools.gnu-tools-for-stm32.10.3-2021.10.win32_1.0.100.202210260954/tools/bin/../lib/gcc/arm-none-eabi/10.3.1/../../../../arm-none-eabi/lib/thumb/v7e-m+fp/hard\libc_nano.a
END GROUP
START GROUP
LOAD c:/st/stm32cubeide_1.11.2/stm32cubeide/plugins/com.st.stm32cube.ide.mcu.externaltools.gnu-tools-for-stm32.10.3-2021.10.win32_1.0.100.202210260954/tools/bin/../lib/gcc/arm-none-eabi/10.3.1/thumb/v7e-m+fp/hard\libgcc.a
LOAD c:/st/stm32cubeide_1.11.2/stm32cubeide/plugins/com.st.stm32cube.ide.mcu.externaltools.gnu-tools-for-stm32.10.3-2021.10.win32_1.0.100.202210260954/tools/bin/../lib/gcc/arm-none-eabi/10.3.1/../../../../arm-none-eabi/lib/thumb/v7e-m+fp/hard\libc_nano.a
LOAD c:/st/stm32cubeide_1.11.2/stm32cubeide/plugins/com.st.stm32cube.ide.mcu.externaltools.gnu-tools-for-stm32.10.3-2021.10.win32_1.0.100.202210260954/tools/bin/../lib/gcc/arm-none-eabi/10.3.1/../../../../arm-none-eabi/lib/thumb/v7e-m+fp/hard\libnosys.a
END GROUP
START GROUP
LOAD c:/st/stm32cubeide_1.11.2/stm32cubeide/plugins/com.st.stm32cube.ide.mcu.externaltools.gnu-tools-for-stm32.10.3-2021.10.win32_1.0.100.202210260954/tools/bin/../lib/gcc/arm-none-eabi/10.3.1/thumb/v7e-m+fp/hard\libgcc.a
LOAD c:/st/stm32cubeide_1.11.2/stm32cubeide/plugins/com.st.stm32cube.ide.mcu.externaltools.gnu-tools-for-stm32.10.3-2021.10.win32_1.0.100.202210260954/tools/bin/../lib/gcc/arm-none-eabi/10.3.1/../../../../arm-none-eabi/lib/thumb/v7e-m+fp/hard\libc_nano.a
LOAD c:/st/stm32cubeide_1.11.2/stm32cubeide/plugins/com.st.stm32cube.ide.mcu.externaltools.gnu-tools-for-stm32.10.3-2021.10.win32_1.0.100.202210260954/tools/bin/../lib/gcc/arm-none-eabi/10.3.1/../../../../arm-none-eabi/lib/thumb/v7e-m+fp/hard\libnosys.a
END GROUP
LOAD c:/st/stm32cubeide_1.11.2/stm32cubeide/plugins/com.st.stm32cube.ide.mcu.externaltools.gnu-tools-for-stm32.10.3-2021.10.win32_1.0.100.202210260954/tools/bin/../lib/gcc/arm-none-eabi/10.3.1/thumb/v7e-m+fp/hard/crtend.o
LOAD c:/st/stm32cubeide_1.11.2/stm32cubeide/plugins/com.st.stm32cube.ide.mcu.externaltools.gnu-tools-for-stm32.10.3-2021.10.win32_1.0.100.202210260954/tools/bin/../lib/gcc/arm-none-eabi/10.3.1/thumb/v7e-m+fp/hard/crtn.o
                0x0000000020010000                _estack = (ORIGIN (RAM) + LENGTH (RAM))
                0x0000000000000200                _Min_Heap_Size = 0x200
                0x0000000000000400                _Min_Stack_Size = 0x400

.isr_vector     0x0000000008000000      0x194
                0x0000000008000000                . = ALIGN (0x4)
 *(.isr_vector)
 .isr_vector    0x0000000008000000      0x194 ./Core/Startup/startup_stm32f401ccux.o
                0x0000000008000000                g_pfnVectors
                0x0000000008000194                . = ALIGN (0x4)

.text           0x0000000008000194     0x733c
                0x0000000008000194                . = ALIGN (0x4)
 *(.text)
 .text          0x0000000008000194       0x40 c:/st/stm32cubeide_1.11.2/stm32cubeide/plugins/com.st.stm32cube.ide.mcu.externaltools.gnu-tools-for-stm32.10.3-2021.10.win32_1.0.100.202210260954/tools/bin/../lib/gcc/arm-none-eabi/10.3.1/thumb/v7e-m+fp/hard/crtbegin.o
 .text          0x00000000080001d4       0x30 c:/st/stm32cubeide_1.11.2/stm32cubeide/plugins/com.st.stm32cube.ide.mcu.externaltools.gnu-tools-for-stm32.10.3-2021.10.win32_1.0.100.202210260954/tools/bin/../lib/gcc/arm-none-eabi/10.3.1/thumb/v7e-m+fp/hard\libgcc.a(_aeabi_uldivmod.o)
                0x00000000080001d4                __aeabi_uldivmod
 .text          0x0000000008000204      0x2d0 c:/st/stm32cubeide_1.11.2/stm32cubeide/plugins/com.st.stm32cube.ide.mcu.externaltools.gnu-tools-for-stm32.10.3-2021.10.win32_1.0.100.202210260954/tools/bin/../lib/gcc/arm-none-eabi/10.3.1/thumb/v7e-m+fp/hard\libgcc.a(_udivmoddi4.o)
                0x0000000008000204                __udivmoddi4
 .text          0x00000000080004d4        0x4 c:/st/stm32cubeide_1.11.2/stm32cubeide/plugins/com.st.stm32cube.ide.mcu.externaltools.gnu-tools-for-stm32.10.3-2021.10.win32_1.0.100.202210260954/tools/bin/../lib/gcc/arm-none-eabi/10.3.1/thumb/v7e-m+fp/hard\libgcc.a(_dvmd_tls.o)
                0x00000000080004d4                __aeabi_idiv0
                0x00000000080004d4                __aeabi_ldiv0
 *(.text*)
 .text.OLED_SPI_Init
                0x00000000080004d8       0x40 ./Core/Src/OLED.o
                0x00000000080004d8                OLED_SPI_Init
 .text.OLED_SPI_SendByte
                0x0000000008000518       0x5c ./Core/Src/OLED.o
                0x0000000008000518                OLED_SPI_SendByte
 .text.OLED_WriteCommand
                0x0000000008000574       0x3c ./Core/Src/OLED.o
                0x0000000008000574                OLED_WriteCommand
 .text.OLED_WriteData
                0x00000000080005b0       0x3c ./Core/Src/OLED.o
                0x00000000080005b0                OLED_WriteData
 .text.OLED_SetCursor
                0x00000000080005ec       0x46 ./Core/Src/OLED.o
                0x00000000080005ec                OLED_SetCursor
 .text.OLED_Clear
                0x0000000008000632       0x46 ./Core/Src/OLED.o
                0x0000000008000632                OLED_Clear
 .text.OLED_ShowChar
                0x0000000008000678       0xb4 ./Core/Src/OLED.o
                0x0000000008000678                OLED_ShowChar
 .text.OLED_ShowString
                0x000000000800072c       0x4a ./Core/Src/OLED.o
                0x000000000800072c                OLED_ShowString
 .text.OLED_Init
                0x0000000008000776       0xc8 ./Core/Src/OLED.o
                0x0000000008000776                OLED_Init
 *fill*         0x000000000800083e        0x2 
 .text.main     0x0000000008000840       0x50 ./Core/Src/main.o
                0x0000000008000840                main
 .text.SystemClock_Config
                0x0000000008000890       0xdc ./Core/Src/main.o
                0x0000000008000890                SystemClock_Config
 .text.MX_CRC_Init
                0x000000000800096c       0x28 ./Core/Src/main.o
 .text.MX_USART1_UART_Init
                0x0000000008000994       0x58 ./Core/Src/main.o
 .text.MX_GPIO_Init
                0x00000000080009ec       0xdc ./Core/Src/main.o
 .text.Error_Handler
                0x0000000008000ac8        0xa ./Core/Src/main.o
                0x0000000008000ac8                Error_Handler
 *fill*         0x0000000008000ad2        0x2 
 .text.HAL_MspInit
                0x0000000008000ad4       0x50 ./Core/Src/stm32f4xx_hal_msp.o
                0x0000000008000ad4                HAL_MspInit
 .text.HAL_CRC_MspInit
                0x0000000008000b24       0x44 ./Core/Src/stm32f4xx_hal_msp.o
                0x0000000008000b24                HAL_CRC_MspInit
 .text.HAL_UART_MspInit
                0x0000000008000b68       0x90 ./Core/Src/stm32f4xx_hal_msp.o
                0x0000000008000b68                HAL_UART_MspInit
 .text.NMI_Handler
                0x0000000008000bf8        0x6 ./Core/Src/stm32f4xx_it.o
                0x0000000008000bf8                NMI_Handler
 .text.HardFault_Handler
                0x0000000008000bfe        0x6 ./Core/Src/stm32f4xx_it.o
                0x0000000008000bfe                HardFault_Handler
 .text.MemManage_Handler
                0x0000000008000c04        0x6 ./Core/Src/stm32f4xx_it.o
                0x0000000008000c04                MemManage_Handler
 .text.BusFault_Handler
                0x0000000008000c0a        0x6 ./Core/Src/stm32f4xx_it.o
                0x0000000008000c0a                BusFault_Handler
 .text.UsageFault_Handler
                0x0000000008000c10        0x6 ./Core/Src/stm32f4xx_it.o
                0x0000000008000c10                UsageFault_Handler
 .text.SVC_Handler
                0x0000000008000c16        0xe ./Core/Src/stm32f4xx_it.o
                0x0000000008000c16                SVC_Handler
 .text.DebugMon_Handler
                0x0000000008000c24        0xe ./Core/Src/stm32f4xx_it.o
                0x0000000008000c24                DebugMon_Handler
 .text.PendSV_Handler
                0x0000000008000c32        0xe ./Core/Src/stm32f4xx_it.o
                0x0000000008000c32                PendSV_Handler
 .text.SysTick_Handler
                0x0000000008000c40        0xc ./Core/Src/stm32f4xx_it.o
                0x0000000008000c40                SysTick_Handler
 .text.OTG_FS_IRQHandler
                0x0000000008000c4c       0x14 ./Core/Src/stm32f4xx_it.o
                0x0000000008000c4c                OTG_FS_IRQHandler
 .text._sbrk    0x0000000008000c60       0x6c ./Core/Src/sysmem.o
                0x0000000008000c60                _sbrk
 .text.SystemInit
                0x0000000008000ccc       0x24 ./Core/Src/system_stm32f4xx.o
                0x0000000008000ccc                SystemInit
 .text.Reset_Handler
                0x0000000008000cf0       0x50 ./Core/Startup/startup_stm32f401ccux.o
                0x0000000008000cf0                Reset_Handler
 .text.Default_Handler
                0x0000000008000d40        0x2 ./Core/Startup/startup_stm32f401ccux.o
                0x0000000008000d40                RTC_Alarm_IRQHandler
                0x0000000008000d40                EXTI2_IRQHandler
                0x0000000008000d40                SPI4_IRQHandler
                0x0000000008000d40                TIM1_CC_IRQHandler
                0x0000000008000d40                DMA2_Stream5_IRQHandler
                0x0000000008000d40                DMA1_Stream5_IRQHandler
                0x0000000008000d40                PVD_IRQHandler
                0x0000000008000d40                SDIO_IRQHandler
                0x0000000008000d40                TAMP_STAMP_IRQHandler
                0x0000000008000d40                EXTI3_IRQHandler
                0x0000000008000d40                TIM1_UP_TIM10_IRQHandler
                0x0000000008000d40                I2C3_ER_IRQHandler
                0x0000000008000d40                EXTI0_IRQHandler
                0x0000000008000d40                I2C2_EV_IRQHandler
                0x0000000008000d40                DMA1_Stream2_IRQHandler
                0x0000000008000d40                FPU_IRQHandler
                0x0000000008000d40                DMA2_Stream2_IRQHandler
                0x0000000008000d40                SPI1_IRQHandler
                0x0000000008000d40                TIM1_BRK_TIM9_IRQHandler
                0x0000000008000d40                DMA2_Stream3_IRQHandler
                0x0000000008000d40                USART6_IRQHandler
                0x0000000008000d40                DMA2_Stream0_IRQHandler
                0x0000000008000d40                TIM4_IRQHandler
                0x0000000008000d40                I2C1_EV_IRQHandler
                0x0000000008000d40                DMA1_Stream6_IRQHandler
                0x0000000008000d40                DMA1_Stream1_IRQHandler
                0x0000000008000d40                TIM3_IRQHandler
                0x0000000008000d40                RCC_IRQHandler
                0x0000000008000d40                Default_Handler
                0x0000000008000d40                EXTI15_10_IRQHandler
                0x0000000008000d40                ADC_IRQHandler
                0x0000000008000d40                DMA1_Stream7_IRQHandler
                0x0000000008000d40                TIM5_IRQHandler
                0x0000000008000d40                DMA2_Stream7_IRQHandler
                0x0000000008000d40                I2C3_EV_IRQHandler
                0x0000000008000d40                EXTI9_5_IRQHandler
                0x0000000008000d40                RTC_WKUP_IRQHandler
                0x0000000008000d40                SPI2_IRQHandler
                0x0000000008000d40                DMA1_Stream0_IRQHandler
                0x0000000008000d40                EXTI4_IRQHandler
                0x0000000008000d40                WWDG_IRQHandler
                0x0000000008000d40                TIM2_IRQHandler
                0x0000000008000d40                OTG_FS_WKUP_IRQHandler
                0x0000000008000d40                TIM1_TRG_COM_TIM11_IRQHandler
                0x0000000008000d40                EXTI1_IRQHandler
                0x0000000008000d40                USART2_IRQHandler
                0x0000000008000d40                I2C2_ER_IRQHandler
                0x0000000008000d40                DMA2_Stream1_IRQHandler
                0x0000000008000d40                FLASH_IRQHandler
                0x0000000008000d40                DMA2_Stream4_IRQHandler
                0x0000000008000d40                USART1_IRQHandler
                0x0000000008000d40                SPI3_IRQHandler
                0x0000000008000d40                DMA1_Stream4_IRQHandler
                0x0000000008000d40                I2C1_ER_IRQHandler
                0x0000000008000d40                DMA2_Stream6_IRQHandler
                0x0000000008000d40                DMA1_Stream3_IRQHandler
 *fill*         0x0000000008000d42        0x2 
 .text.HAL_Init
                0x0000000008000d44       0x44 ./Drivers/STM32F4xx_HAL_Driver/stm32f4xx_hal.o
                0x0000000008000d44                HAL_Init
 .text.HAL_InitTick
                0x0000000008000d88       0x60 ./Drivers/STM32F4xx_HAL_Driver/stm32f4xx_hal.o
                0x0000000008000d88                HAL_InitTick
 .text.HAL_IncTick
                0x0000000008000de8       0x28 ./Drivers/STM32F4xx_HAL_Driver/stm32f4xx_hal.o
                0x0000000008000de8                HAL_IncTick
 .text.HAL_GetTick
                0x0000000008000e10       0x18 ./Drivers/STM32F4xx_HAL_Driver/stm32f4xx_hal.o
                0x0000000008000e10                HAL_GetTick
 .text.HAL_Delay
                0x0000000008000e28       0x48 ./Drivers/STM32F4xx_HAL_Driver/stm32f4xx_hal.o
                0x0000000008000e28                HAL_Delay
 .text.__NVIC_SetPriorityGrouping
                0x0000000008000e70       0x48 ./Drivers/STM32F4xx_HAL_Driver/stm32f4xx_hal_cortex.o
 .text.__NVIC_GetPriorityGrouping
                0x0000000008000eb8       0x1c ./Drivers/STM32F4xx_HAL_Driver/stm32f4xx_hal_cortex.o
 .text.__NVIC_EnableIRQ
                0x0000000008000ed4       0x3c ./Drivers/STM32F4xx_HAL_Driver/stm32f4xx_hal_cortex.o
 .text.__NVIC_SetPriority
                0x0000000008000f10       0x54 ./Drivers/STM32F4xx_HAL_Driver/stm32f4xx_hal_cortex.o
 .text.NVIC_EncodePriority
                0x0000000008000f64       0x66 ./Drivers/STM32F4xx_HAL_Driver/stm32f4xx_hal_cortex.o
 *fill*         0x0000000008000fca        0x2 
 .text.SysTick_Config
                0x0000000008000fcc       0x44 ./Drivers/STM32F4xx_HAL_Driver/stm32f4xx_hal_cortex.o
 .text.HAL_NVIC_SetPriorityGrouping
                0x0000000008001010       0x16 ./Drivers/STM32F4xx_HAL_Driver/stm32f4xx_hal_cortex.o
                0x0000000008001010                HAL_NVIC_SetPriorityGrouping
 .text.HAL_NVIC_SetPriority
                0x0000000008001026       0x38 ./Drivers/STM32F4xx_HAL_Driver/stm32f4xx_hal_cortex.o
                0x0000000008001026                HAL_NVIC_SetPriority
 .text.HAL_NVIC_EnableIRQ
                0x000000000800105e       0x1c ./Drivers/STM32F4xx_HAL_Driver/stm32f4xx_hal_cortex.o
                0x000000000800105e                HAL_NVIC_EnableIRQ
 .text.HAL_SYSTICK_Config
                0x000000000800107a       0x18 ./Drivers/STM32F4xx_HAL_Driver/stm32f4xx_hal_cortex.o
                0x000000000800107a                HAL_SYSTICK_Config
 .text.HAL_CRC_Init
                0x0000000008001092       0x38 ./Drivers/STM32F4xx_HAL_Driver/stm32f4xx_hal_crc.o
                0x0000000008001092                HAL_CRC_Init
 *fill*         0x00000000080010ca        0x2 
 .text.HAL_GPIO_Init
                0x00000000080010cc      0x308 ./Drivers/STM32F4xx_HAL_Driver/stm32f4xx_hal_gpio.o
                0x00000000080010cc                HAL_GPIO_Init
 .text.HAL_GPIO_WritePin
                0x00000000080013d4       0x32 ./Drivers/STM32F4xx_HAL_Driver/stm32f4xx_hal_gpio.o
                0x00000000080013d4                HAL_GPIO_WritePin
 .text.HAL_HCD_Init
                0x0000000008001406       0xc4 ./Drivers/STM32F4xx_HAL_Driver/stm32f4xx_hal_hcd.o
                0x0000000008001406                HAL_HCD_Init
 .text.HAL_HCD_HC_Init
                0x00000000080014ca      0x11e ./Drivers/STM32F4xx_HAL_Driver/stm32f4xx_hal_hcd.o
                0x00000000080014ca                HAL_HCD_HC_Init
 .text.HAL_HCD_HC_Halt
                0x00000000080015e8       0x46 ./Drivers/STM32F4xx_HAL_Driver/stm32f4xx_hal_hcd.o
                0x00000000080015e8                HAL_HCD_HC_Halt
 *fill*         0x000000000800162e        0x2 
 .text.HAL_HCD_HC_SubmitRequest
                0x0000000008001630      0x2ac ./Drivers/STM32F4xx_HAL_Driver/stm32f4xx_hal_hcd.o
                0x0000000008001630                HAL_HCD_HC_SubmitRequest
 .text.HAL_HCD_IRQHandler
                0x00000000080018dc      0x216 ./Drivers/STM32F4xx_HAL_Driver/stm32f4xx_hal_hcd.o
                0x00000000080018dc                HAL_HCD_IRQHandler
 .text.HAL_HCD_Start
                0x0000000008001af2       0x46 ./Drivers/STM32F4xx_HAL_Driver/stm32f4xx_hal_hcd.o
                0x0000000008001af2                HAL_HCD_Start
 .text.HAL_HCD_Stop
                0x0000000008001b38       0x3a ./Drivers/STM32F4xx_HAL_Driver/stm32f4xx_hal_hcd.o
                0x0000000008001b38                HAL_HCD_Stop
 .text.HAL_HCD_ResetPort
                0x0000000008001b72       0x1c ./Drivers/STM32F4xx_HAL_Driver/stm32f4xx_hal_hcd.o
                0x0000000008001b72                HAL_HCD_ResetPort
 .text.HAL_HCD_HC_GetURBState
                0x0000000008001b8e       0x28 ./Drivers/STM32F4xx_HAL_Driver/stm32f4xx_hal_hcd.o
                0x0000000008001b8e                HAL_HCD_HC_GetURBState
 .text.HAL_HCD_HC_GetXferCount
                0x0000000008001bb6       0x28 ./Drivers/STM32F4xx_HAL_Driver/stm32f4xx_hal_hcd.o
                0x0000000008001bb6                HAL_HCD_HC_GetXferCount
 .text.HAL_HCD_GetCurrentFrame
                0x0000000008001bde       0x1c ./Drivers/STM32F4xx_HAL_Driver/stm32f4xx_hal_hcd.o
                0x0000000008001bde                HAL_HCD_GetCurrentFrame
 .text.HAL_HCD_GetCurrentSpeed
                0x0000000008001bfa       0x1c ./Drivers/STM32F4xx_HAL_Driver/stm32f4xx_hal_hcd.o
                0x0000000008001bfa                HAL_HCD_GetCurrentSpeed
 .text.HCD_HC_IN_IRQHandler
                0x0000000008001c16      0x6aa ./Drivers/STM32F4xx_HAL_Driver/stm32f4xx_hal_hcd.o
 .text.HCD_HC_OUT_IRQHandler
                0x00000000080022c0      0x6d2 ./Drivers/STM32F4xx_HAL_Driver/stm32f4xx_hal_hcd.o
 .text.HCD_RXQLVL_IRQHandler
                0x0000000008002992      0x1a4 ./Drivers/STM32F4xx_HAL_Driver/stm32f4xx_hal_hcd.o
 .text.HCD_Port_IRQHandler
                0x0000000008002b36       0xe6 ./Drivers/STM32F4xx_HAL_Driver/stm32f4xx_hal_hcd.o
 .text.HAL_RCC_OscConfig
                0x0000000008002c1c      0x4f0 ./Drivers/STM32F4xx_HAL_Driver/stm32f4xx_hal_rcc.o
                0x0000000008002c1c                HAL_RCC_OscConfig
 .text.HAL_RCC_ClockConfig
                0x000000000800310c      0x1cc ./Drivers/STM32F4xx_HAL_Driver/stm32f4xx_hal_rcc.o
                0x000000000800310c                HAL_RCC_ClockConfig
 .text.HAL_RCC_GetSysClockFreq
                0x00000000080032d8      0x18c ./Drivers/STM32F4xx_HAL_Driver/stm32f4xx_hal_rcc.o
                0x00000000080032d8                HAL_RCC_GetSysClockFreq
 .text.HAL_RCC_GetHCLKFreq
                0x0000000008003464       0x18 ./Drivers/STM32F4xx_HAL_Driver/stm32f4xx_hal_rcc.o
                0x0000000008003464                HAL_RCC_GetHCLKFreq
 .text.HAL_RCC_GetPCLK1Freq
                0x000000000800347c       0x28 ./Drivers/STM32F4xx_HAL_Driver/stm32f4xx_hal_rcc.o
                0x000000000800347c                HAL_RCC_GetPCLK1Freq
 .text.HAL_RCC_GetPCLK2Freq
                0x00000000080034a4       0x28 ./Drivers/STM32F4xx_HAL_Driver/stm32f4xx_hal_rcc.o
                0x00000000080034a4                HAL_RCC_GetPCLK2Freq
 .text.HAL_MultiProcessor_Init
                0x00000000080034cc       0xe0 ./Drivers/STM32F4xx_HAL_Driver/stm32f4xx_hal_uart.o
                0x00000000080034cc                HAL_MultiProcessor_Init
 .text.UART_SetConfig
                0x00000000080035ac      0x4e8 ./Drivers/STM32F4xx_HAL_Driver/stm32f4xx_hal_uart.o
 .text.USB_CoreInit
                0x0000000008003a94       0xc2 ./Drivers/STM32F4xx_HAL_Driver/stm32f4xx_ll_usb.o
                0x0000000008003a94                USB_CoreInit
 .text.USB_EnableGlobalInt
                0x0000000008003b56       0x22 ./Drivers/STM32F4xx_HAL_Driver/stm32f4xx_ll_usb.o
                0x0000000008003b56                USB_EnableGlobalInt
 .text.USB_DisableGlobalInt
                0x0000000008003b78       0x22 ./Drivers/STM32F4xx_HAL_Driver/stm32f4xx_ll_usb.o
                0x0000000008003b78                USB_DisableGlobalInt
 .text.USB_SetCurrentMode
                0x0000000008003b9a       0x98 ./Drivers/STM32F4xx_HAL_Driver/stm32f4xx_ll_usb.o
                0x0000000008003b9a                USB_SetCurrentMode
 *fill*         0x0000000008003c32        0x2 
 .text.USB_FlushTxFifo
                0x0000000008003c34       0x68 ./Drivers/STM32F4xx_HAL_Driver/stm32f4xx_ll_usb.o
                0x0000000008003c34                USB_FlushTxFifo
 .text.USB_FlushRxFifo
                0x0000000008003c9c       0x60 ./Drivers/STM32F4xx_HAL_Driver/stm32f4xx_ll_usb.o
                0x0000000008003c9c                USB_FlushRxFifo
 .text.USB_WritePacket
                0x0000000008003cfc       0x7c ./Drivers/STM32F4xx_HAL_Driver/stm32f4xx_ll_usb.o
                0x0000000008003cfc                USB_WritePacket
 .text.USB_ReadPacket
                0x0000000008003d78       0xb0 ./Drivers/STM32F4xx_HAL_Driver/stm32f4xx_ll_usb.o
                0x0000000008003d78                USB_ReadPacket
 .text.USB_ReadInterrupts
                0x0000000008003e28       0x26 ./Drivers/STM32F4xx_HAL_Driver/stm32f4xx_ll_usb.o
                0x0000000008003e28                USB_ReadInterrupts
 .text.USB_GetMode
                0x0000000008003e4e       0x1c ./Drivers/STM32F4xx_HAL_Driver/stm32f4xx_ll_usb.o
                0x0000000008003e4e                USB_GetMode
 *fill*         0x0000000008003e6a        0x2 
 .text.USB_CoreReset
                0x0000000008003e6c       0x68 ./Drivers/STM32F4xx_HAL_Driver/stm32f4xx_ll_usb.o
 .text.USB_HostInit
                0x0000000008003ed4      0x180 ./Drivers/STM32F4xx_HAL_Driver/stm32f4xx_ll_usb.o
                0x0000000008003ed4                USB_HostInit
 .text.USB_InitFSLSPClkSel
                0x0000000008004054       0x74 ./Drivers/STM32F4xx_HAL_Driver/stm32f4xx_ll_usb.o
                0x0000000008004054                USB_InitFSLSPClkSel
 .text.USB_ResetPort
                0x00000000080040c8       0x54 ./Drivers/STM32F4xx_HAL_Driver/stm32f4xx_ll_usb.o
                0x00000000080040c8                USB_ResetPort
 .text.USB_DriveVbus
                0x000000000800411c       0x72 ./Drivers/STM32F4xx_HAL_Driver/stm32f4xx_ll_usb.o
                0x000000000800411c                USB_DriveVbus
 .text.USB_GetHostSpeed
                0x000000000800418e       0x2e ./Drivers/STM32F4xx_HAL_Driver/stm32f4xx_ll_usb.o
                0x000000000800418e                USB_GetHostSpeed
 .text.USB_GetCurrentFrame
                0x00000000080041bc       0x22 ./Drivers/STM32F4xx_HAL_Driver/stm32f4xx_ll_usb.o
                0x00000000080041bc                USB_GetCurrentFrame
 *fill*         0x00000000080041de        0x2 
 .text.USB_HC_Init
                0x00000000080041e0      0x244 ./Drivers/STM32F4xx_HAL_Driver/stm32f4xx_ll_usb.o
                0x00000000080041e0                USB_HC_Init
 .text.USB_HC_StartXfer
                0x0000000008004424      0x284 ./Drivers/STM32F4xx_HAL_Driver/stm32f4xx_ll_usb.o
                0x0000000008004424                USB_HC_StartXfer
 .text.USB_HC_ReadInterrupt
                0x00000000080046a8       0x22 ./Drivers/STM32F4xx_HAL_Driver/stm32f4xx_ll_usb.o
                0x00000000080046a8                USB_HC_ReadInterrupt
 .text.USB_HC_Halt
                0x00000000080046ca      0x1f8 ./Drivers/STM32F4xx_HAL_Driver/stm32f4xx_ll_usb.o
                0x00000000080046ca                USB_HC_Halt
 *fill*         0x00000000080048c2        0x2 
 .text.USB_DoPing
                0x00000000080048c4       0x78 ./Drivers/STM32F4xx_HAL_Driver/stm32f4xx_ll_usb.o
                0x00000000080048c4                USB_DoPing
 .text.USB_StopHost
                0x000000000800493c      0x124 ./Drivers/STM32F4xx_HAL_Driver/stm32f4xx_ll_usb.o
                0x000000000800493c                USB_StopHost
 .text.USBH_Init
                0x0000000008004a60       0x74 ./Middlewares/USB_Host_Library/usbh_core.o
                0x0000000008004a60                USBH_Init
 .text.DeInitStateMachine
                0x0000000008004ad4       0xa8 ./Middlewares/USB_Host_Library/usbh_core.o
 .text.USBH_RegisterClass
                0x0000000008004b7c       0x54 ./Middlewares/USB_Host_Library/usbh_core.o
                0x0000000008004b7c                USBH_RegisterClass
 .text.USBH_SelectInterface
                0x0000000008004bd0       0x38 ./Middlewares/USB_Host_Library/usbh_core.o
                0x0000000008004bd0                USBH_SelectInterface
 .text.USBH_FindInterface
                0x0000000008004c08       0x8c ./Middlewares/USB_Host_Library/usbh_core.o
                0x0000000008004c08                USBH_FindInterface
 .text.USBH_Start
                0x0000000008004c94       0x20 ./Middlewares/USB_Host_Library/usbh_core.o
                0x0000000008004c94                USBH_Start
 .text.USBH_Process
                0x0000000008004cb4      0x3d8 ./Middlewares/USB_Host_Library/usbh_core.o
                0x0000000008004cb4                USBH_Process
 .text.USBH_HandleEnum
                0x000000000800508c      0x3c8 ./Middlewares/USB_Host_Library/usbh_core.o
 .text.USBH_LL_SetTimer
                0x0000000008005454       0x1e ./Middlewares/USB_Host_Library/usbh_core.o
                0x0000000008005454                USBH_LL_SetTimer
 .text.USBH_LL_IncTimer
                0x0000000008005472       0x24 ./Middlewares/USB_Host_Library/usbh_core.o
                0x0000000008005472                USBH_LL_IncTimer
 .text.USBH_HandleSof
                0x0000000008005496       0x30 ./Middlewares/USB_Host_Library/usbh_core.o
 .text.USBH_LL_PortEnabled
                0x00000000080054c6       0x1c ./Middlewares/USB_Host_Library/usbh_core.o
                0x00000000080054c6                USBH_LL_PortEnabled
 .text.USBH_LL_PortDisabled
                0x00000000080054e2       0x1c ./Middlewares/USB_Host_Library/usbh_core.o
                0x00000000080054e2                USBH_LL_PortDisabled
 .text.USBH_LL_Connect
                0x00000000080054fe       0x2e ./Middlewares/USB_Host_Library/usbh_core.o
                0x00000000080054fe                USBH_LL_Connect
 .text.USBH_LL_Disconnect
                0x000000000800552c       0x48 ./Middlewares/USB_Host_Library/usbh_core.o
                0x000000000800552c                USBH_LL_Disconnect
 .text.USBH_Get_DevDesc
                0x0000000008005574       0x50 ./Middlewares/USB_Host_Library/usbh_ctlreq.o
                0x0000000008005574                USBH_Get_DevDesc
 .text.USBH_Get_CfgDesc
                0x00000000080055c4       0x48 ./Middlewares/USB_Host_Library/usbh_ctlreq.o
                0x00000000080055c4                USBH_Get_CfgDesc
 .text.USBH_Get_StringDesc
                0x000000000800560c       0x56 ./Middlewares/USB_Host_Library/usbh_ctlreq.o
                0x000000000800560c                USBH_Get_StringDesc
 .text.USBH_GetDescriptor
                0x0000000008005662       0x6a ./Middlewares/USB_Host_Library/usbh_ctlreq.o
                0x0000000008005662                USBH_GetDescriptor
 .text.USBH_SetAddress
                0x00000000080056cc       0x48 ./Middlewares/USB_Host_Library/usbh_ctlreq.o
                0x00000000080056cc                USBH_SetAddress
 .text.USBH_SetCfg
                0x0000000008005714       0x46 ./Middlewares/USB_Host_Library/usbh_ctlreq.o
                0x0000000008005714                USBH_SetCfg
 .text.USBH_SetFeature
                0x000000000800575a       0x48 ./Middlewares/USB_Host_Library/usbh_ctlreq.o
                0x000000000800575a                USBH_SetFeature
 .text.USBH_ClrFeature
                0x00000000080057a2       0x48 ./Middlewares/USB_Host_Library/usbh_ctlreq.o
                0x00000000080057a2                USBH_ClrFeature
 .text.USBH_ParseDevDesc
                0x00000000080057ea      0x122 ./Middlewares/USB_Host_Library/usbh_ctlreq.o
 .text.USBH_ParseCfgDesc
                0x000000000800590c      0x1ec ./Middlewares/USB_Host_Library/usbh_ctlreq.o
 .text.USBH_ParseInterfaceDesc
                0x0000000008005af8       0x5e ./Middlewares/USB_Host_Library/usbh_ctlreq.o
 .text.USBH_ParseEPDesc
                0x0000000008005b56      0x14a ./Middlewares/USB_Host_Library/usbh_ctlreq.o
 .text.USBH_ParseStringDesc
                0x0000000008005ca0       0x66 ./Middlewares/USB_Host_Library/usbh_ctlreq.o
 .text.USBH_GetNextDesc
                0x0000000008005d06       0x36 ./Middlewares/USB_Host_Library/usbh_ctlreq.o
                0x0000000008005d06                USBH_GetNextDesc
 .text.USBH_CtlReq
                0x0000000008005d3c       0x7a ./Middlewares/USB_Host_Library/usbh_ctlreq.o
                0x0000000008005d3c                USBH_CtlReq
 *fill*         0x0000000008005db6        0x2 
 .text.USBH_HandleControl
                0x0000000008005db8      0x2e8 ./Middlewares/USB_Host_Library/usbh_ctlreq.o
 .text.USBH_HID_InterfaceInit
                0x00000000080060a0      0x254 ./Middlewares/USB_Host_Library/usbh_hid.o
 .text.USBH_HID_InterfaceDeInit
                0x00000000080062f4       0x8c ./Middlewares/USB_Host_Library/usbh_hid.o
 .text.USBH_HID_ClassRequest
                0x0000000008006380       0xfc ./Middlewares/USB_Host_Library/usbh_hid.o
 .text.USBH_HID_Process
                0x000000000800647c      0x188 ./Middlewares/USB_Host_Library/usbh_hid.o
 .text.USBH_HID_SOFProcess
                0x0000000008006604       0x42 ./Middlewares/USB_Host_Library/usbh_hid.o
 .text.USBH_HID_GetHIDReportDescriptor
                0x0000000008006646       0x32 ./Middlewares/USB_Host_Library/usbh_hid.o
                0x0000000008006646                USBH_HID_GetHIDReportDescriptor
 .text.USBH_HID_SetIdle
                0x0000000008006678       0x50 ./Middlewares/USB_Host_Library/usbh_hid.o
                0x0000000008006678                USBH_HID_SetIdle
 .text.USBH_HID_GetReport
                0x00000000080066c8       0x58 ./Middlewares/USB_Host_Library/usbh_hid.o
                0x00000000080066c8                USBH_HID_GetReport
 .text.USBH_HID_SetProtocol
                0x0000000008006720       0x4c ./Middlewares/USB_Host_Library/usbh_hid.o
                0x0000000008006720                USBH_HID_SetProtocol
 .text.USBH_HID_ParseHIDDesc
                0x000000000800676c       0xbc ./Middlewares/USB_Host_Library/usbh_hid.o
 .text.USBH_HID_FifoInit
                0x0000000008006828       0x38 ./Middlewares/USB_Host_Library/usbh_hid.o
                0x0000000008006828                USBH_HID_FifoInit
 .text.USBH_HID_FifoWrite
                0x0000000008006860       0xa8 ./Middlewares/USB_Host_Library/usbh_hid.o
                0x0000000008006860                USBH_HID_FifoWrite
 .text.USBH_HID_EventCallback
                0x0000000008006908       0x14 ./Middlewares/USB_Host_Library/usbh_hid.o
                0x0000000008006908                USBH_HID_EventCallback
 .text.USBH_HID_KeybdInit
                0x000000000800691c       0xa8 ./Middlewares/USB_Host_Library/usbh_hid_keybd.o
                0x000000000800691c                USBH_HID_KeybdInit
 .text.USBH_HID_MouseInit
                0x00000000080069c4       0x94 ./Middlewares/USB_Host_Library/usbh_hid_mouse.o
                0x00000000080069c4                USBH_HID_MouseInit
 .text.USBH_CtlSendSetup
                0x0000000008006a58       0x34 ./Middlewares/USB_Host_Library/usbh_ioreq.o
                0x0000000008006a58                USBH_CtlSendSetup
 .text.USBH_CtlSendData
                0x0000000008006a8c       0x4a ./Middlewares/USB_Host_Library/usbh_ioreq.o
                0x0000000008006a8c                USBH_CtlSendData
 .text.USBH_CtlReceiveData
                0x0000000008006ad6       0x3c ./Middlewares/USB_Host_Library/usbh_ioreq.o
                0x0000000008006ad6                USBH_CtlReceiveData
 .text.USBH_InterruptReceiveData
                0x0000000008006b12       0x3e ./Middlewares/USB_Host_Library/usbh_ioreq.o
                0x0000000008006b12                USBH_InterruptReceiveData
 .text.USBH_OpenPipe
                0x0000000008006b50       0x3e ./Middlewares/USB_Host_Library/usbh_pipes.o
                0x0000000008006b50                USBH_OpenPipe
 .text.USBH_ClosePipe
                0x0000000008006b8e       0x20 ./Middlewares/USB_Host_Library/usbh_pipes.o
                0x0000000008006b8e                USBH_ClosePipe
 .text.USBH_AllocPipe
                0x0000000008006bae       0x42 ./Middlewares/USB_Host_Library/usbh_pipes.o
                0x0000000008006bae                USBH_AllocPipe
 .text.USBH_FreePipe
                0x0000000008006bf0       0x3c ./Middlewares/USB_Host_Library/usbh_pipes.o
                0x0000000008006bf0                USBH_FreePipe
 .text.USBH_GetFreePipe
                0x0000000008006c2c       0x48 ./Middlewares/USB_Host_Library/usbh_pipes.o
 .text.MX_USB_HOST_Init
                0x0000000008006c74       0x4c ./USB_HOST/App/usb_host.o
                0x0000000008006c74                MX_USB_HOST_Init
 .text.MX_USB_HOST_Process
                0x0000000008006cc0       0x14 ./USB_HOST/App/usb_host.o
                0x0000000008006cc0                MX_USB_HOST_Process
 .text.USBH_UserProcess
                0x0000000008006cd4       0x5c ./USB_HOST/App/usb_host.o
 .text.HAL_HCD_MspInit
                0x0000000008006d30       0xc4 ./USB_HOST/Target/usbh_conf.o
                0x0000000008006d30                HAL_HCD_MspInit
 .text.HAL_HCD_SOF_Callback
                0x0000000008006df4       0x1c ./USB_HOST/Target/usbh_conf.o
                0x0000000008006df4                HAL_HCD_SOF_Callback
 .text.HAL_HCD_Connect_Callback
                0x0000000008006e10       0x1c ./USB_HOST/Target/usbh_conf.o
                0x0000000008006e10                HAL_HCD_Connect_Callback
 .text.HAL_HCD_Disconnect_Callback
                0x0000000008006e2c       0x1c ./USB_HOST/Target/usbh_conf.o
                0x0000000008006e2c                HAL_HCD_Disconnect_Callback
 .text.HAL_HCD_HC_NotifyURBChange_Callback
                0x0000000008006e48       0x1c ./USB_HOST/Target/usbh_conf.o
                0x0000000008006e48                HAL_HCD_HC_NotifyURBChange_Callback
 .text.HAL_HCD_PortEnabled_Callback
                0x0000000008006e64       0x1c ./USB_HOST/Target/usbh_conf.o
                0x0000000008006e64                HAL_HCD_PortEnabled_Callback
 .text.HAL_HCD_PortDisabled_Callback
                0x0000000008006e80       0x1c ./USB_HOST/Target/usbh_conf.o
                0x0000000008006e80                HAL_HCD_PortDisabled_Callback
 .text.USBH_LL_Init
                0x0000000008006e9c       0x78 ./USB_HOST/Target/usbh_conf.o
                0x0000000008006e9c                USBH_LL_Init
 .text.USBH_LL_Start
                0x0000000008006f14       0x36 ./USB_HOST/Target/usbh_conf.o
                0x0000000008006f14                USBH_LL_Start
 .text.USBH_LL_Stop
                0x0000000008006f4a       0x36 ./USB_HOST/Target/usbh_conf.o
                0x0000000008006f4a                USBH_LL_Stop
 .text.USBH_LL_GetSpeed
                0x0000000008006f80       0x4e ./USB_HOST/Target/usbh_conf.o
                0x0000000008006f80                USBH_LL_GetSpeed
 .text.USBH_LL_ResetPort
                0x0000000008006fce       0x36 ./USB_HOST/Target/usbh_conf.o
                0x0000000008006fce                USBH_LL_ResetPort
 .text.USBH_LL_GetLastXferSize
                0x0000000008007004       0x26 ./USB_HOST/Target/usbh_conf.o
                0x0000000008007004                USBH_LL_GetLastXferSize
 .text.USBH_LL_OpenPipe
                0x000000000800702a       0x5e ./USB_HOST/Target/usbh_conf.o
                0x000000000800702a                USBH_LL_OpenPipe
 .text.USBH_LL_ClosePipe
                0x0000000008007088       0x3e ./USB_HOST/Target/usbh_conf.o
                0x0000000008007088                USBH_LL_ClosePipe
 .text.USBH_LL_SubmitURB
                0x00000000080070c6       0x62 ./USB_HOST/Target/usbh_conf.o
                0x00000000080070c6                USBH_LL_SubmitURB
 .text.USBH_LL_GetURBState
                0x0000000008007128       0x26 ./USB_HOST/Target/usbh_conf.o
                0x0000000008007128                USBH_LL_GetURBState
 .text.USBH_LL_DriverVBUS
                0x000000000800714e       0x1c ./USB_HOST/Target/usbh_conf.o
                0x000000000800714e                USBH_LL_DriverVBUS
 .text.USBH_LL_SetToggle
                0x000000000800716a       0x60 ./USB_HOST/Target/usbh_conf.o
                0x000000000800716a                USBH_LL_SetToggle
 .text.USBH_Delay
                0x00000000080071ca       0x16 ./USB_HOST/Target/usbh_conf.o
                0x00000000080071ca                USBH_Delay
 .text.USBH_Get_USB_Status
                0x00000000080071e0       0x58 ./USB_HOST/Target/usbh_conf.o
                0x00000000080071e0                USBH_Get_USB_Status
 .text.__errno  0x0000000008007238        0xc c:/st/stm32cubeide_1.11.2/stm32cubeide/plugins/com.st.stm32cube.ide.mcu.externaltools.gnu-tools-for-stm32.10.3-2021.10.win32_1.0.100.202210260954/tools/bin/../lib/gcc/arm-none-eabi/10.3.1/../../../../arm-none-eabi/lib/thumb/v7e-m+fp/hard\libc_nano.a(lib_a-errno.o)
                0x0000000008007238                __errno
 .text.__libc_init_array
                0x0000000008007244       0x48 c:/st/stm32cubeide_1.11.2/stm32cubeide/plugins/com.st.stm32cube.ide.mcu.externaltools.gnu-tools-for-stm32.10.3-2021.10.win32_1.0.100.202210260954/tools/bin/../lib/gcc/arm-none-eabi/10.3.1/../../../../arm-none-eabi/lib/thumb/v7e-m+fp/hard\libc_nano.a(lib_a-init.o)
                0x0000000008007244                __libc_init_array
 .text.malloc   0x000000000800728c       0x10 c:/st/stm32cubeide_1.11.2/stm32cubeide/plugins/com.st.stm32cube.ide.mcu.externaltools.gnu-tools-for-stm32.10.3-2021.10.win32_1.0.100.202210260954/tools/bin/../lib/gcc/arm-none-eabi/10.3.1/../../../../arm-none-eabi/lib/thumb/v7e-m+fp/hard\libc_nano.a(lib_a-malloc.o)
                0x000000000800728c                malloc
 .text.free     0x000000000800729c       0x10 c:/st/stm32cubeide_1.11.2/stm32cubeide/plugins/com.st.stm32cube.ide.mcu.externaltools.gnu-tools-for-stm32.10.3-2021.10.win32_1.0.100.202210260954/tools/bin/../lib/gcc/arm-none-eabi/10.3.1/../../../../arm-none-eabi/lib/thumb/v7e-m+fp/hard\libc_nano.a(lib_a-malloc.o)
                0x000000000800729c                free
 .text.memset   0x00000000080072ac       0x10 c:/st/stm32cubeide_1.11.2/stm32cubeide/plugins/com.st.stm32cube.ide.mcu.externaltools.gnu-tools-for-stm32.10.3-2021.10.win32_1.0.100.202210260954/tools/bin/../lib/gcc/arm-none-eabi/10.3.1/../../../../arm-none-eabi/lib/thumb/v7e-m+fp/hard\libc_nano.a(lib_a-memset.o)
                0x00000000080072ac                memset
 .text._free_r  0x00000000080072bc       0x98 c:/st/stm32cubeide_1.11.2/stm32cubeide/plugins/com.st.stm32cube.ide.mcu.externaltools.gnu-tools-for-stm32.10.3-2021.10.win32_1.0.100.202210260954/tools/bin/../lib/gcc/arm-none-eabi/10.3.1/../../../../arm-none-eabi/lib/thumb/v7e-m+fp/hard\libc_nano.a(lib_a-nano-freer.o)
                0x00000000080072bc                _free_r
 .text.sbrk_aligned
                0x0000000008007354       0x40 c:/st/stm32cubeide_1.11.2/stm32cubeide/plugins/com.st.stm32cube.ide.mcu.externaltools.gnu-tools-for-stm32.10.3-2021.10.win32_1.0.100.202210260954/tools/bin/../lib/gcc/arm-none-eabi/10.3.1/../../../../arm-none-eabi/lib/thumb/v7e-m+fp/hard\libc_nano.a(lib_a-nano-mallocr.o)
 .text._malloc_r
                0x0000000008007394       0xe8 c:/st/stm32cubeide_1.11.2/stm32cubeide/plugins/com.st.stm32cube.ide.mcu.externaltools.gnu-tools-for-stm32.10.3-2021.10.win32_1.0.100.202210260954/tools/bin/../lib/gcc/arm-none-eabi/10.3.1/../../../../arm-none-eabi/lib/thumb/v7e-m+fp/hard\libc_nano.a(lib_a-nano-mallocr.o)
                0x0000000008007394                _malloc_r
 .text._sbrk_r  0x000000000800747c       0x20 c:/st/stm32cubeide_1.11.2/stm32cubeide/plugins/com.st.stm32cube.ide.mcu.externaltools.gnu-tools-for-stm32.10.3-2021.10.win32_1.0.100.202210260954/tools/bin/../lib/gcc/arm-none-eabi/10.3.1/../../../../arm-none-eabi/lib/thumb/v7e-m+fp/hard\libc_nano.a(lib_a-sbrkr.o)
                0x000000000800747c                _sbrk_r
 .text.__malloc_lock
                0x000000000800749c        0xc c:/st/stm32cubeide_1.11.2/stm32cubeide/plugins/com.st.stm32cube.ide.mcu.externaltools.gnu-tools-for-stm32.10.3-2021.10.win32_1.0.100.202210260954/tools/bin/../lib/gcc/arm-none-eabi/10.3.1/../../../../arm-none-eabi/lib/thumb/v7e-m+fp/hard\libc_nano.a(lib_a-mlock.o)
                0x000000000800749c                __malloc_lock
 .text.__malloc_unlock
                0x00000000080074a8        0xc c:/st/stm32cubeide_1.11.2/stm32cubeide/plugins/com.st.stm32cube.ide.mcu.externaltools.gnu-tools-for-stm32.10.3-2021.10.win32_1.0.100.202210260954/tools/bin/../lib/gcc/arm-none-eabi/10.3.1/../../../../arm-none-eabi/lib/thumb/v7e-m+fp/hard\libc_nano.a(lib_a-mlock.o)
                0x00000000080074a8                __malloc_unlock
 .text.__retarget_lock_acquire_recursive
                0x00000000080074b4        0x2 c:/st/stm32cubeide_1.11.2/stm32cubeide/plugins/com.st.stm32cube.ide.mcu.externaltools.gnu-tools-for-stm32.10.3-2021.10.win32_1.0.100.202210260954/tools/bin/../lib/gcc/arm-none-eabi/10.3.1/../../../../arm-none-eabi/lib/thumb/v7e-m+fp/hard\libc_nano.a(lib_a-lock.o)
                0x00000000080074b4                __retarget_lock_acquire_recursive
 .text.__retarget_lock_release_recursive
                0x00000000080074b6        0x2 c:/st/stm32cubeide_1.11.2/stm32cubeide/plugins/com.st.stm32cube.ide.mcu.externaltools.gnu-tools-for-stm32.10.3-2021.10.win32_1.0.100.202210260954/tools/bin/../lib/gcc/arm-none-eabi/10.3.1/../../../../arm-none-eabi/lib/thumb/v7e-m+fp/hard\libc_nano.a(lib_a-lock.o)
                0x00000000080074b6                __retarget_lock_release_recursive
 *(.glue_7)
 .glue_7        0x00000000080074b8        0x0 linker stubs
 *(.glue_7t)
 .glue_7t       0x00000000080074b8        0x0 linker stubs
 *(.eh_frame)
 .eh_frame      0x00000000080074b8        0x0 c:/st/stm32cubeide_1.11.2/stm32cubeide/plugins/com.st.stm32cube.ide.mcu.externaltools.gnu-tools-for-stm32.10.3-2021.10.win32_1.0.100.202210260954/tools/bin/../lib/gcc/arm-none-eabi/10.3.1/thumb/v7e-m+fp/hard/crtbegin.o
 *(.init)
 .init          0x00000000080074b8        0x4 c:/st/stm32cubeide_1.11.2/stm32cubeide/plugins/com.st.stm32cube.ide.mcu.externaltools.gnu-tools-for-stm32.10.3-2021.10.win32_1.0.100.202210260954/tools/bin/../lib/gcc/arm-none-eabi/10.3.1/thumb/v7e-m+fp/hard/crti.o
                0x00000000080074b8                _init
 .init          0x00000000080074bc        0x8 c:/st/stm32cubeide_1.11.2/stm32cubeide/plugins/com.st.stm32cube.ide.mcu.externaltools.gnu-tools-for-stm32.10.3-2021.10.win32_1.0.100.202210260954/tools/bin/../lib/gcc/arm-none-eabi/10.3.1/thumb/v7e-m+fp/hard/crtn.o
 *(.fini)
 .fini          0x00000000080074c4        0x4 c:/st/stm32cubeide_1.11.2/stm32cubeide/plugins/com.st.stm32cube.ide.mcu.externaltools.gnu-tools-for-stm32.10.3-2021.10.win32_1.0.100.202210260954/tools/bin/../lib/gcc/arm-none-eabi/10.3.1/thumb/v7e-m+fp/hard/crti.o
                0x00000000080074c4                _fini
 .fini          0x00000000080074c8        0x8 c:/st/stm32cubeide_1.11.2/stm32cubeide/plugins/com.st.stm32cube.ide.mcu.externaltools.gnu-tools-for-stm32.10.3-2021.10.win32_1.0.100.202210260954/tools/bin/../lib/gcc/arm-none-eabi/10.3.1/thumb/v7e-m+fp/hard/crtn.o
                0x00000000080074d0                . = ALIGN (0x4)
                0x00000000080074d0                _etext = .

.vfp11_veneer   0x00000000080074d0        0x0
 .vfp11_veneer  0x00000000080074d0        0x0 linker stubs

.v4_bx          0x00000000080074d0        0x0
 .v4_bx         0x00000000080074d0        0x0 linker stubs

.iplt           0x00000000080074d0        0x0
 .iplt          0x00000000080074d0        0x0 c:/st/stm32cubeide_1.11.2/stm32cubeide/plugins/com.st.stm32cube.ide.mcu.externaltools.gnu-tools-for-stm32.10.3-2021.10.win32_1.0.100.202210260954/tools/bin/../lib/gcc/arm-none-eabi/10.3.1/thumb/v7e-m+fp/hard/crtbegin.o

.rodata         0x00000000080074d0      0x618
                0x00000000080074d0                . = ALIGN (0x4)
 *(.rodata)
 .rodata        0x00000000080074d0        0x9 ./Core/Src/main.o
 *fill*         0x00000000080074d9        0x3 
 .rodata        0x00000000080074dc        0x4 ./Middlewares/USB_Host_Library/usbh_hid.o
 *(.rodata*)
 .rodata.OLED_F8x16
                0x00000000080074e0      0x5f0 ./Core/Src/OLED.o
                0x00000000080074e0                OLED_F8x16
 .rodata.AHBPrescTable
                0x0000000008007ad0       0x10 ./Core/Src/system_stm32f4xx.o
                0x0000000008007ad0                AHBPrescTable
 .rodata.APBPrescTable
                0x0000000008007ae0        0x8 ./Core/Src/system_stm32f4xx.o
                0x0000000008007ae0                APBPrescTable
                0x0000000008007ae8                . = ALIGN (0x4)

.ARM.extab      0x0000000008007ae8        0x0
                0x0000000008007ae8                . = ALIGN (0x4)
 *(.ARM.extab* .gnu.linkonce.armextab.*)
                0x0000000008007ae8                . = ALIGN (0x4)

.ARM            0x0000000008007ae8        0x8
                0x0000000008007ae8                . = ALIGN (0x4)
                0x0000000008007ae8                __exidx_start = .
 *(.ARM.exidx*)
 .ARM.exidx     0x0000000008007ae8        0x8 c:/st/stm32cubeide_1.11.2/stm32cubeide/plugins/com.st.stm32cube.ide.mcu.externaltools.gnu-tools-for-stm32.10.3-2021.10.win32_1.0.100.202210260954/tools/bin/../lib/gcc/arm-none-eabi/10.3.1/thumb/v7e-m+fp/hard\libgcc.a(_udivmoddi4.o)
                0x0000000008007af0                __exidx_end = .
                0x0000000008007af0                . = ALIGN (0x4)

.rel.dyn        0x0000000008007af0        0x0
 .rel.iplt      0x0000000008007af0        0x0 c:/st/stm32cubeide_1.11.2/stm32cubeide/plugins/com.st.stm32cube.ide.mcu.externaltools.gnu-tools-for-stm32.10.3-2021.10.win32_1.0.100.202210260954/tools/bin/../lib/gcc/arm-none-eabi/10.3.1/thumb/v7e-m+fp/hard/crtbegin.o

.preinit_array  0x0000000008007af0        0x0
                0x0000000008007af0                . = ALIGN (0x4)
                0x0000000008007af0                PROVIDE (__preinit_array_start = .)
 *(.preinit_array*)
                0x0000000008007af0                PROVIDE (__preinit_array_end = .)
                0x0000000008007af0                . = ALIGN (0x4)

.init_array     0x0000000008007af0        0x4
                0x0000000008007af0                . = ALIGN (0x4)
                0x0000000008007af0                PROVIDE (__init_array_start = .)
 *(SORT_BY_NAME(.init_array.*))
 *(.init_array*)
 .init_array    0x0000000008007af0        0x4 c:/st/stm32cubeide_1.11.2/stm32cubeide/plugins/com.st.stm32cube.ide.mcu.externaltools.gnu-tools-for-stm32.10.3-2021.10.win32_1.0.100.202210260954/tools/bin/../lib/gcc/arm-none-eabi/10.3.1/thumb/v7e-m+fp/hard/crtbegin.o
                0x0000000008007af4                PROVIDE (__init_array_end = .)
                0x0000000008007af4                . = ALIGN (0x4)

.fini_array     0x0000000008007af4        0x4
                0x0000000008007af4                . = ALIGN (0x4)
                [!provide]                        PROVIDE (__fini_array_start = .)
 *(SORT_BY_NAME(.fini_array.*))
 *(.fini_array*)
 .fini_array    0x0000000008007af4        0x4 c:/st/stm32cubeide_1.11.2/stm32cubeide/plugins/com.st.stm32cube.ide.mcu.externaltools.gnu-tools-for-stm32.10.3-2021.10.win32_1.0.100.202210260954/tools/bin/../lib/gcc/arm-none-eabi/10.3.1/thumb/v7e-m+fp/hard/crtbegin.o
                [!provide]                        PROVIDE (__fini_array_end = .)
                0x0000000008007af8                . = ALIGN (0x4)
                0x0000000008007af8                _sidata = LOADADDR (.data)

.data           0x0000000020000000       0x90 load address 0x0000000008007af8
                0x0000000020000000                . = ALIGN (0x4)
                0x0000000020000000                _sdata = .
 *(.data)
 *(.data*)
 .data.SystemCoreClock
                0x0000000020000000        0x4 ./Core/Src/system_stm32f4xx.o
                0x0000000020000000                SystemCoreClock
 .data.uwTickPrio
                0x0000000020000004        0x4 ./Drivers/STM32F4xx_HAL_Driver/stm32f4xx_hal.o
                0x0000000020000004                uwTickPrio
 .data.uwTickFreq
                0x0000000020000008        0x1 ./Drivers/STM32F4xx_HAL_Driver/stm32f4xx_hal.o
                0x0000000020000008                uwTickFreq
 *fill*         0x0000000020000009        0x3 
 .data.HID_Class
                0x000000002000000c       0x20 ./Middlewares/USB_Host_Library/usbh_hid.o
                0x000000002000000c                HID_Class
 .data._impure_ptr
                0x000000002000002c        0x4 c:/st/stm32cubeide_1.11.2/stm32cubeide/plugins/com.st.stm32cube.ide.mcu.externaltools.gnu-tools-for-stm32.10.3-2021.10.win32_1.0.100.202210260954/tools/bin/../lib/gcc/arm-none-eabi/10.3.1/../../../../arm-none-eabi/lib/thumb/v7e-m+fp/hard\libc_nano.a(lib_a-impure.o)
                0x000000002000002c                _impure_ptr
 .data.impure_data
                0x0000000020000030       0x60 c:/st/stm32cubeide_1.11.2/stm32cubeide/plugins/com.st.stm32cube.ide.mcu.externaltools.gnu-tools-for-stm32.10.3-2021.10.win32_1.0.100.202210260954/tools/bin/../lib/gcc/arm-none-eabi/10.3.1/../../../../arm-none-eabi/lib/thumb/v7e-m+fp/hard\libc_nano.a(lib_a-impure.o)
 *(.RamFunc)
 *(.RamFunc*)
                0x0000000020000090                . = ALIGN (0x4)
                0x0000000020000090                _edata = .

.igot.plt       0x0000000020000090        0x0 load address 0x0000000008007b88
 .igot.plt      0x0000000020000090        0x0 c:/st/stm32cubeide_1.11.2/stm32cubeide/plugins/com.st.stm32cube.ide.mcu.externaltools.gnu-tools-for-stm32.10.3-2021.10.win32_1.0.100.202210260954/tools/bin/../lib/gcc/arm-none-eabi/10.3.1/thumb/v7e-m+fp/hard/crtbegin.o
                0x0000000020000090                . = ALIGN (0x4)

.bss            0x0000000020000090      0x798 load address 0x0000000008007b88
                0x0000000020000090                _sbss = .
                0x0000000020000090                __bss_start__ = _sbss
 *(.bss)
 .bss           0x0000000020000090       0x1c c:/st/stm32cubeide_1.11.2/stm32cubeide/plugins/com.st.stm32cube.ide.mcu.externaltools.gnu-tools-for-stm32.10.3-2021.10.win32_1.0.100.202210260954/tools/bin/../lib/gcc/arm-none-eabi/10.3.1/thumb/v7e-m+fp/hard/crtbegin.o
 *(.bss*)
 .bss.hcrc      0x00000000200000ac        0x8 ./Core/Src/main.o
                0x00000000200000ac                hcrc
 .bss.huart1    0x00000000200000b4       0x44 ./Core/Src/main.o
                0x00000000200000b4                huart1
 .bss.__sbrk_heap_end
                0x00000000200000f8        0x4 ./Core/Src/sysmem.o
 .bss.uwTick    0x00000000200000fc        0x4 ./Drivers/STM32F4xx_HAL_Driver/stm32f4xx_hal.o
                0x00000000200000fc                uwTick
 .bss.keybd_info
                0x0000000020000100        0xf ./Middlewares/USB_Host_Library/usbh_hid_keybd.o
                0x0000000020000100                keybd_info
 *fill*         0x000000002000010f        0x1 
 .bss.keybd_rx_report_buf
                0x0000000020000110        0x8 ./Middlewares/USB_Host_Library/usbh_hid_keybd.o
                0x0000000020000110                keybd_rx_report_buf
 .bss.keybd_report_data
                0x0000000020000118        0x8 ./Middlewares/USB_Host_Library/usbh_hid_keybd.o
                0x0000000020000118                keybd_report_data
 .bss.mouse_info
                0x0000000020000120        0x5 ./Middlewares/USB_Host_Library/usbh_hid_mouse.o
                0x0000000020000120                mouse_info
 *fill*         0x0000000020000125        0x3 
 .bss.mouse_report_data
                0x0000000020000128        0x8 ./Middlewares/USB_Host_Library/usbh_hid_mouse.o
                0x0000000020000128                mouse_report_data
 .bss.mouse_rx_report_buf
                0x0000000020000130        0x8 ./Middlewares/USB_Host_Library/usbh_hid_mouse.o
                0x0000000020000130                mouse_rx_report_buf
 .bss.hUsbHostFS
                0x0000000020000138      0x3d8 ./USB_HOST/App/usb_host.o
                0x0000000020000138                hUsbHostFS
 .bss.Appli_state
                0x0000000020000510        0x1 ./USB_HOST/App/usb_host.o
                0x0000000020000510                Appli_state
 *fill*         0x0000000020000511        0x3 
 .bss.hhcd_USB_OTG_FS
                0x0000000020000514      0x304 ./USB_HOST/Target/usbh_conf.o
                0x0000000020000514                hhcd_USB_OTG_FS
 .bss.__malloc_free_list
                0x0000000020000818        0x4 c:/st/stm32cubeide_1.11.2/stm32cubeide/plugins/com.st.stm32cube.ide.mcu.externaltools.gnu-tools-for-stm32.10.3-2021.10.win32_1.0.100.202210260954/tools/bin/../lib/gcc/arm-none-eabi/10.3.1/../../../../arm-none-eabi/lib/thumb/v7e-m+fp/hard\libc_nano.a(lib_a-nano-mallocr.o)
                0x0000000020000818                __malloc_free_list
 .bss.__malloc_sbrk_start
                0x000000002000081c        0x4 c:/st/stm32cubeide_1.11.2/stm32cubeide/plugins/com.st.stm32cube.ide.mcu.externaltools.gnu-tools-for-stm32.10.3-2021.10.win32_1.0.100.202210260954/tools/bin/../lib/gcc/arm-none-eabi/10.3.1/../../../../arm-none-eabi/lib/thumb/v7e-m+fp/hard\libc_nano.a(lib_a-nano-mallocr.o)
                0x000000002000081c                __malloc_sbrk_start
 .bss.errno     0x0000000020000820        0x4 c:/st/stm32cubeide_1.11.2/stm32cubeide/plugins/com.st.stm32cube.ide.mcu.externaltools.gnu-tools-for-stm32.10.3-2021.10.win32_1.0.100.202210260954/tools/bin/../lib/gcc/arm-none-eabi/10.3.1/../../../../arm-none-eabi/lib/thumb/v7e-m+fp/hard\libc_nano.a(lib_a-reent.o)
                0x0000000020000820                errno
 .bss.__lock___malloc_recursive_mutex
                0x0000000020000824        0x1 c:/st/stm32cubeide_1.11.2/stm32cubeide/plugins/com.st.stm32cube.ide.mcu.externaltools.gnu-tools-for-stm32.10.3-2021.10.win32_1.0.100.202210260954/tools/bin/../lib/gcc/arm-none-eabi/10.3.1/../../../../arm-none-eabi/lib/thumb/v7e-m+fp/hard\libc_nano.a(lib_a-lock.o)
                0x0000000020000824                __lock___malloc_recursive_mutex
 *(COMMON)
                0x0000000020000828                . = ALIGN (0x4)
 *fill*         0x0000000020000825        0x3 
                0x0000000020000828                _ebss = .
                0x0000000020000828                __bss_end__ = _ebss

._user_heap_stack
                0x0000000020000828      0x600 load address 0x0000000008007b88
                0x0000000020000828                . = ALIGN (0x8)
                [!provide]                        PROVIDE (end = .)
                0x0000000020000828                PROVIDE (_end = .)
                0x0000000020000a28                . = (. + _Min_Heap_Size)
 *fill*         0x0000000020000828      0x200 
                0x0000000020000e28                . = (. + _Min_Stack_Size)
 *fill*         0x0000000020000a28      0x400 
                0x0000000020000e28                . = ALIGN (0x8)

/DISCARD/
 libc.a(*)
 libm.a(*)
 libgcc.a(*)

.ARM.attributes
                0x0000000000000000       0x30
 *(.ARM.attributes)
 .ARM.attributes
                0x0000000000000000       0x1e c:/st/stm32cubeide_1.11.2/stm32cubeide/plugins/com.st.stm32cube.ide.mcu.externaltools.gnu-tools-for-stm32.10.3-2021.10.win32_1.0.100.202210260954/tools/bin/../lib/gcc/arm-none-eabi/10.3.1/thumb/v7e-m+fp/hard/crti.o
 .ARM.attributes
                0x000000000000001e       0x34 c:/st/stm32cubeide_1.11.2/stm32cubeide/plugins/com.st.stm32cube.ide.mcu.externaltools.gnu-tools-for-stm32.10.3-2021.10.win32_1.0.100.202210260954/tools/bin/../lib/gcc/arm-none-eabi/10.3.1/thumb/v7e-m+fp/hard/crtbegin.o
 .ARM.attributes
                0x0000000000000052       0x34 ./Core/Src/OLED.o
 .ARM.attributes
                0x0000000000000086       0x34 ./Core/Src/main.o
 .ARM.attributes
                0x00000000000000ba       0x34 ./Core/Src/stm32f4xx_hal_msp.o
 .ARM.attributes
                0x00000000000000ee       0x34 ./Core/Src/stm32f4xx_it.o
 .ARM.attributes
                0x0000000000000122       0x34 ./Core/Src/sysmem.o
 .ARM.attributes
                0x0000000000000156       0x34 ./Core/Src/system_stm32f4xx.o
 .ARM.attributes
                0x000000000000018a       0x21 ./Core/Startup/startup_stm32f401ccux.o
 .ARM.attributes
                0x00000000000001ab       0x34 ./Drivers/STM32F4xx_HAL_Driver/stm32f4xx_hal.o
 .ARM.attributes
                0x00000000000001df       0x34 ./Drivers/STM32F4xx_HAL_Driver/stm32f4xx_hal_cortex.o
 .ARM.attributes
                0x0000000000000213       0x34 ./Drivers/STM32F4xx_HAL_Driver/stm32f4xx_hal_crc.o
 .ARM.attributes
                0x0000000000000247       0x34 ./Drivers/STM32F4xx_HAL_Driver/stm32f4xx_hal_gpio.o
 .ARM.attributes
                0x000000000000027b       0x34 ./Drivers/STM32F4xx_HAL_Driver/stm32f4xx_hal_hcd.o
 .ARM.attributes
                0x00000000000002af       0x34 ./Drivers/STM32F4xx_HAL_Driver/stm32f4xx_hal_rcc.o
 .ARM.attributes
                0x00000000000002e3       0x34 ./Drivers/STM32F4xx_HAL_Driver/stm32f4xx_hal_uart.o
 .ARM.attributes
                0x0000000000000317       0x34 ./Drivers/STM32F4xx_HAL_Driver/stm32f4xx_ll_usb.o
 .ARM.attributes
                0x000000000000034b       0x34 ./Middlewares/USB_Host_Library/usbh_core.o
 .ARM.attributes
                0x000000000000037f       0x34 ./Middlewares/USB_Host_Library/usbh_ctlreq.o
 .ARM.attributes
                0x00000000000003b3       0x34 ./Middlewares/USB_Host_Library/usbh_hid.o
 .ARM.attributes
                0x00000000000003e7       0x34 ./Middlewares/USB_Host_Library/usbh_hid_keybd.o
 .ARM.attributes
                0x000000000000041b       0x34 ./Middlewares/USB_Host_Library/usbh_hid_mouse.o
 .ARM.attributes
                0x000000000000044f       0x34 ./Middlewares/USB_Host_Library/usbh_ioreq.o
 .ARM.attributes
                0x0000000000000483       0x34 ./Middlewares/USB_Host_Library/usbh_pipes.o
 .ARM.attributes
                0x00000000000004b7       0x34 ./USB_HOST/App/usb_host.o
 .ARM.attributes
                0x00000000000004eb       0x34 ./USB_HOST/Target/usbh_conf.o
 .ARM.attributes
                0x000000000000051f       0x34 c:/st/stm32cubeide_1.11.2/stm32cubeide/plugins/com.st.stm32cube.ide.mcu.externaltools.gnu-tools-for-stm32.10.3-2021.10.win32_1.0.100.202210260954/tools/bin/../lib/gcc/arm-none-eabi/10.3.1/../../../../arm-none-eabi/lib/thumb/v7e-m+fp/hard\libc_nano.a(lib_a-errno.o)
 .ARM.attributes
                0x0000000000000553       0x34 c:/st/stm32cubeide_1.11.2/stm32cubeide/plugins/com.st.stm32cube.ide.mcu.externaltools.gnu-tools-for-stm32.10.3-2021.10.win32_1.0.100.202210260954/tools/bin/../lib/gcc/arm-none-eabi/10.3.1/../../../../arm-none-eabi/lib/thumb/v7e-m+fp/hard\libc_nano.a(lib_a-impure.o)
 .ARM.attributes
                0x0000000000000587       0x34 c:/st/stm32cubeide_1.11.2/stm32cubeide/plugins/com.st.stm32cube.ide.mcu.externaltools.gnu-tools-for-stm32.10.3-2021.10.win32_1.0.100.202210260954/tools/bin/../lib/gcc/arm-none-eabi/10.3.1/../../../../arm-none-eabi/lib/thumb/v7e-m+fp/hard\libc_nano.a(lib_a-init.o)
 .ARM.attributes
                0x00000000000005bb       0x34 c:/st/stm32cubeide_1.11.2/stm32cubeide/plugins/com.st.stm32cube.ide.mcu.externaltools.gnu-tools-for-stm32.10.3-2021.10.win32_1.0.100.202210260954/tools/bin/../lib/gcc/arm-none-eabi/10.3.1/../../../../arm-none-eabi/lib/thumb/v7e-m+fp/hard\libc_nano.a(lib_a-malloc.o)
 .ARM.attributes
                0x00000000000005ef       0x34 c:/st/stm32cubeide_1.11.2/stm32cubeide/plugins/com.st.stm32cube.ide.mcu.externaltools.gnu-tools-for-stm32.10.3-2021.10.win32_1.0.100.202210260954/tools/bin/../lib/gcc/arm-none-eabi/10.3.1/../../../../arm-none-eabi/lib/thumb/v7e-m+fp/hard\libc_nano.a(lib_a-memset.o)
 .ARM.attributes
                0x0000000000000623       0x34 c:/st/stm32cubeide_1.11.2/stm32cubeide/plugins/com.st.stm32cube.ide.mcu.externaltools.gnu-tools-for-stm32.10.3-2021.10.win32_1.0.100.202210260954/tools/bin/../lib/gcc/arm-none-eabi/10.3.1/../../../../arm-none-eabi/lib/thumb/v7e-m+fp/hard\libc_nano.a(lib_a-nano-freer.o)
 .ARM.attributes
                0x0000000000000657       0x34 c:/st/stm32cubeide_1.11.2/stm32cubeide/plugins/com.st.stm32cube.ide.mcu.externaltools.gnu-tools-for-stm32.10.3-2021.10.win32_1.0.100.202210260954/tools/bin/../lib/gcc/arm-none-eabi/10.3.1/../../../../arm-none-eabi/lib/thumb/v7e-m+fp/hard\libc_nano.a(lib_a-nano-mallocr.o)
 .ARM.attributes
                0x000000000000068b       0x34 c:/st/stm32cubeide_1.11.2/stm32cubeide/plugins/com.st.stm32cube.ide.mcu.externaltools.gnu-tools-for-stm32.10.3-2021.10.win32_1.0.100.202210260954/tools/bin/../lib/gcc/arm-none-eabi/10.3.1/../../../../arm-none-eabi/lib/thumb/v7e-m+fp/hard\libc_nano.a(lib_a-sbrkr.o)
 .ARM.attributes
                0x00000000000006bf       0x34 c:/st/stm32cubeide_1.11.2/stm32cubeide/plugins/com.st.stm32cube.ide.mcu.externaltools.gnu-tools-for-stm32.10.3-2021.10.win32_1.0.100.202210260954/tools/bin/../lib/gcc/arm-none-eabi/10.3.1/../../../../arm-none-eabi/lib/thumb/v7e-m+fp/hard\libc_nano.a(lib_a-mlock.o)
 .ARM.attributes
                0x00000000000006f3       0x34 c:/st/stm32cubeide_1.11.2/stm32cubeide/plugins/com.st.stm32cube.ide.mcu.externaltools.gnu-tools-for-stm32.10.3-2021.10.win32_1.0.100.202210260954/tools/bin/../lib/gcc/arm-none-eabi/10.3.1/../../../../arm-none-eabi/lib/thumb/v7e-m+fp/hard\libc_nano.a(lib_a-reent.o)
 .ARM.attributes
                0x0000000000000727       0x34 c:/st/stm32cubeide_1.11.2/stm32cubeide/plugins/com.st.stm32cube.ide.mcu.externaltools.gnu-tools-for-stm32.10.3-2021.10.win32_1.0.100.202210260954/tools/bin/../lib/gcc/arm-none-eabi/10.3.1/../../../../arm-none-eabi/lib/thumb/v7e-m+fp/hard\libc_nano.a(lib_a-lock.o)
 .ARM.attributes
                0x000000000000075b       0x1e c:/st/stm32cubeide_1.11.2/stm32cubeide/plugins/com.st.stm32cube.ide.mcu.externaltools.gnu-tools-for-stm32.10.3-2021.10.win32_1.0.100.202210260954/tools/bin/../lib/gcc/arm-none-eabi/10.3.1/thumb/v7e-m+fp/hard\libgcc.a(_aeabi_uldivmod.o)
 .ARM.attributes
                0x0000000000000779       0x34 c:/st/stm32cubeide_1.11.2/stm32cubeide/plugins/com.st.stm32cube.ide.mcu.externaltools.gnu-tools-for-stm32.10.3-2021.10.win32_1.0.100.202210260954/tools/bin/../lib/gcc/arm-none-eabi/10.3.1/thumb/v7e-m+fp/hard\libgcc.a(_udivmoddi4.o)
 .ARM.attributes
                0x00000000000007ad       0x1e c:/st/stm32cubeide_1.11.2/stm32cubeide/plugins/com.st.stm32cube.ide.mcu.externaltools.gnu-tools-for-stm32.10.3-2021.10.win32_1.0.100.202210260954/tools/bin/../lib/gcc/arm-none-eabi/10.3.1/thumb/v7e-m+fp/hard\libgcc.a(_dvmd_tls.o)
 .ARM.attributes
                0x00000000000007cb       0x1e c:/st/stm32cubeide_1.11.2/stm32cubeide/plugins/com.st.stm32cube.ide.mcu.externaltools.gnu-tools-for-stm32.10.3-2021.10.win32_1.0.100.202210260954/tools/bin/../lib/gcc/arm-none-eabi/10.3.1/thumb/v7e-m+fp/hard/crtn.o
OUTPUT(F401CCU6_USBHost.elf elf32-littlearm)
LOAD linker stubs
LOAD c:/st/stm32cubeide_1.11.2/stm32cubeide/plugins/com.st.stm32cube.ide.mcu.externaltools.gnu-tools-for-stm32.10.3-2021.10.win32_1.0.100.202210260954/tools/bin/../lib/gcc/arm-none-eabi/10.3.1/../../../../arm-none-eabi/lib/thumb/v7e-m+fp/hard\libc.a
LOAD c:/st/stm32cubeide_1.11.2/stm32cubeide/plugins/com.st.stm32cube.ide.mcu.externaltools.gnu-tools-for-stm32.10.3-2021.10.win32_1.0.100.202210260954/tools/bin/../lib/gcc/arm-none-eabi/10.3.1/../../../../arm-none-eabi/lib/thumb/v7e-m+fp/hard\libm.a
LOAD c:/st/stm32cubeide_1.11.2/stm32cubeide/plugins/com.st.stm32cube.ide.mcu.externaltools.gnu-tools-for-stm32.10.3-2021.10.win32_1.0.100.202210260954/tools/bin/../lib/gcc/arm-none-eabi/10.3.1/thumb/v7e-m+fp/hard\libgcc.a

.debug_info     0x0000000000000000    0x146fc
 .debug_info    0x0000000000000000      0x5b7 ./Core/Src/OLED.o
 .debug_info    0x00000000000005b7      0xdab ./Core/Src/main.o
 .debug_info    0x0000000000001362      0xad5 ./Core/Src/stm32f4xx_hal_msp.o
 .debug_info    0x0000000000001e37      0x675 ./Core/Src/stm32f4xx_it.o
 .debug_info    0x00000000000024ac      0x171 ./Core/Src/sysmem.o
 .debug_info    0x000000000000261d      0x54f ./Core/Src/system_stm32f4xx.o
 .debug_info    0x0000000000002b6c       0x22 ./Core/Startup/startup_stm32f401ccux.o
 .debug_info    0x0000000000002b8e      0x906 ./Drivers/STM32F4xx_HAL_Driver/stm32f4xx_hal.o
 .debug_info    0x0000000000003494      0xd85 ./Drivers/STM32F4xx_HAL_Driver/stm32f4xx_hal_cortex.o
 .debug_info    0x0000000000004219      0x39f ./Drivers/STM32F4xx_HAL_Driver/stm32f4xx_hal_crc.o
 .debug_info    0x00000000000045b8      0x78e ./Drivers/STM32F4xx_HAL_Driver/stm32f4xx_hal_gpio.o
 .debug_info    0x0000000000004d46     0x10c6 ./Drivers/STM32F4xx_HAL_Driver/stm32f4xx_hal_hcd.o
 .debug_info    0x0000000000005e0c      0x98c ./Drivers/STM32F4xx_HAL_Driver/stm32f4xx_hal_rcc.o
 .debug_info    0x0000000000006798     0x31b4 ./Drivers/STM32F4xx_HAL_Driver/stm32f4xx_hal_uart.o
 .debug_info    0x000000000000994c     0x1a97 ./Drivers/STM32F4xx_HAL_Driver/stm32f4xx_ll_usb.o
 .debug_info    0x000000000000b3e3     0x1065 ./Middlewares/USB_Host_Library/usbh_core.o
 .debug_info    0x000000000000c448     0x1083 ./Middlewares/USB_Host_Library/usbh_ctlreq.o
 .debug_info    0x000000000000d4cb     0x149b ./Middlewares/USB_Host_Library/usbh_hid.o
 .debug_info    0x000000000000e966      0xfb8 ./Middlewares/USB_Host_Library/usbh_hid_keybd.o
 .debug_info    0x000000000000f91e      0xe50 ./Middlewares/USB_Host_Library/usbh_hid_mouse.o
 .debug_info    0x000000000001076e      0xcf6 ./Middlewares/USB_Host_Library/usbh_ioreq.o
 .debug_info    0x0000000000011464      0xb34 ./Middlewares/USB_Host_Library/usbh_pipes.o
 .debug_info    0x0000000000011f98      0xab3 ./USB_HOST/App/usb_host.o
 .debug_info    0x0000000000012a4b     0x1cb1 ./USB_HOST/Target/usbh_conf.o

.debug_abbrev   0x0000000000000000     0x35ea
 .debug_abbrev  0x0000000000000000      0x188 ./Core/Src/OLED.o
 .debug_abbrev  0x0000000000000188      0x265 ./Core/Src/main.o
 .debug_abbrev  0x00000000000003ed      0x1b7 ./Core/Src/stm32f4xx_hal_msp.o
 .debug_abbrev  0x00000000000005a4      0x199 ./Core/Src/stm32f4xx_it.o
 .debug_abbrev  0x000000000000073d       0xbb ./Core/Src/sysmem.o
 .debug_abbrev  0x00000000000007f8      0x116 ./Core/Src/system_stm32f4xx.o
 .debug_abbrev  0x000000000000090e       0x12 ./Core/Startup/startup_stm32f401ccux.o
 .debug_abbrev  0x0000000000000920      0x23e ./Drivers/STM32F4xx_HAL_Driver/stm32f4xx_hal.o
 .debug_abbrev  0x0000000000000b5e      0x316 ./Drivers/STM32F4xx_HAL_Driver/stm32f4xx_hal_cortex.o
 .debug_abbrev  0x0000000000000e74      0x16f ./Drivers/STM32F4xx_HAL_Driver/stm32f4xx_hal_crc.o
 .debug_abbrev  0x0000000000000fe3      0x1c4 ./Drivers/STM32F4xx_HAL_Driver/stm32f4xx_hal_gpio.o
 .debug_abbrev  0x00000000000011a7      0x27e ./Drivers/STM32F4xx_HAL_Driver/stm32f4xx_hal_hcd.o
 .debug_abbrev  0x0000000000001425      0x2aa ./Drivers/STM32F4xx_HAL_Driver/stm32f4xx_hal_rcc.o
 .debug_abbrev  0x00000000000016cf      0x305 ./Drivers/STM32F4xx_HAL_Driver/stm32f4xx_hal_uart.o
 .debug_abbrev  0x00000000000019d4      0x296 ./Drivers/STM32F4xx_HAL_Driver/stm32f4xx_ll_usb.o
 .debug_abbrev  0x0000000000001c6a      0x317 ./Middlewares/USB_Host_Library/usbh_core.o
 .debug_abbrev  0x0000000000001f81      0x2e6 ./Middlewares/USB_Host_Library/usbh_ctlreq.o
 .debug_abbrev  0x0000000000002267      0x368 ./Middlewares/USB_Host_Library/usbh_hid.o
 .debug_abbrev  0x00000000000025cf      0x2d1 ./Middlewares/USB_Host_Library/usbh_hid_keybd.o
 .debug_abbrev  0x00000000000028a0      0x2a2 ./Middlewares/USB_Host_Library/usbh_hid_mouse.o
 .debug_abbrev  0x0000000000002b42      0x232 ./Middlewares/USB_Host_Library/usbh_ioreq.o
 .debug_abbrev  0x0000000000002d74      0x270 ./Middlewares/USB_Host_Library/usbh_pipes.o
 .debug_abbrev  0x0000000000002fe4      0x25a ./USB_HOST/App/usb_host.o
 .debug_abbrev  0x000000000000323e      0x3ac ./USB_HOST/Target/usbh_conf.o

.debug_aranges  0x0000000000000000      0xdd0
 .debug_aranges
                0x0000000000000000       0x88 ./Core/Src/OLED.o
 .debug_aranges
                0x0000000000000088       0x48 ./Core/Src/main.o
 .debug_aranges
                0x00000000000000d0       0x40 ./Core/Src/stm32f4xx_hal_msp.o
 .debug_aranges
                0x0000000000000110       0x68 ./Core/Src/stm32f4xx_it.o
 .debug_aranges
                0x0000000000000178       0x20 ./Core/Src/sysmem.o
 .debug_aranges
                0x0000000000000198       0x28 ./Core/Src/system_stm32f4xx.o
 .debug_aranges
                0x00000000000001c0       0x28 ./Core/Startup/startup_stm32f401ccux.o
 .debug_aranges
                0x00000000000001e8       0xf0 ./Drivers/STM32F4xx_HAL_Driver/stm32f4xx_hal.o
 .debug_aranges
                0x00000000000002d8      0x118 ./Drivers/STM32F4xx_HAL_Driver/stm32f4xx_hal_cortex.o
 .debug_aranges
                0x00000000000003f0       0x50 ./Drivers/STM32F4xx_HAL_Driver/stm32f4xx_hal_crc.o
 .debug_aranges
                0x0000000000000440       0x58 ./Drivers/STM32F4xx_HAL_Driver/stm32f4xx_hal_gpio.o
 .debug_aranges
                0x0000000000000498       0xf8 ./Drivers/STM32F4xx_HAL_Driver/stm32f4xx_hal_hcd.o
 .debug_aranges
                0x0000000000000590       0x88 ./Drivers/STM32F4xx_HAL_Driver/stm32f4xx_hal_rcc.o
 .debug_aranges
                0x0000000000000618      0x200 ./Drivers/STM32F4xx_HAL_Driver/stm32f4xx_hal_uart.o
 .debug_aranges
                0x0000000000000818      0x1a0 ./Drivers/STM32F4xx_HAL_Driver/stm32f4xx_ll_usb.o
 .debug_aranges
                0x00000000000009b8       0xc0 ./Middlewares/USB_Host_Library/usbh_core.o
 .debug_aranges
                0x0000000000000a78       0xa0 ./Middlewares/USB_Host_Library/usbh_ctlreq.o
 .debug_aranges
                0x0000000000000b18       0xa8 ./Middlewares/USB_Host_Library/usbh_hid.o
 .debug_aranges
                0x0000000000000bc0       0x38 ./Middlewares/USB_Host_Library/usbh_hid_keybd.o
 .debug_aranges
                0x0000000000000bf8       0x30 ./Middlewares/USB_Host_Library/usbh_hid_mouse.o
 .debug_aranges
                0x0000000000000c28       0x60 ./Middlewares/USB_Host_Library/usbh_ioreq.o
 .debug_aranges
                0x0000000000000c88       0x40 ./Middlewares/USB_Host_Library/usbh_pipes.o
 .debug_aranges
                0x0000000000000cc8       0x30 ./USB_HOST/App/usb_host.o
 .debug_aranges
                0x0000000000000cf8       0xd8 ./USB_HOST/Target/usbh_conf.o

.debug_ranges   0x0000000000000000      0xc88
 .debug_ranges  0x0000000000000000       0x78 ./Core/Src/OLED.o
 .debug_ranges  0x0000000000000078       0x38 ./Core/Src/main.o
 .debug_ranges  0x00000000000000b0       0x30 ./Core/Src/stm32f4xx_hal_msp.o
 .debug_ranges  0x00000000000000e0       0x58 ./Core/Src/stm32f4xx_it.o
 .debug_ranges  0x0000000000000138       0x10 ./Core/Src/sysmem.o
 .debug_ranges  0x0000000000000148       0x18 ./Core/Src/system_stm32f4xx.o
 .debug_ranges  0x0000000000000160       0x20 ./Core/Startup/startup_stm32f401ccux.o
 .debug_ranges  0x0000000000000180       0xe0 ./Drivers/STM32F4xx_HAL_Driver/stm32f4xx_hal.o
 .debug_ranges  0x0000000000000260      0x108 ./Drivers/STM32F4xx_HAL_Driver/stm32f4xx_hal_cortex.o
 .debug_ranges  0x0000000000000368       0x40 ./Drivers/STM32F4xx_HAL_Driver/stm32f4xx_hal_crc.o
 .debug_ranges  0x00000000000003a8       0x48 ./Drivers/STM32F4xx_HAL_Driver/stm32f4xx_hal_gpio.o
 .debug_ranges  0x00000000000003f0       0xe8 ./Drivers/STM32F4xx_HAL_Driver/stm32f4xx_hal_hcd.o
 .debug_ranges  0x00000000000004d8       0x78 ./Drivers/STM32F4xx_HAL_Driver/stm32f4xx_hal_rcc.o
 .debug_ranges  0x0000000000000550      0x220 ./Drivers/STM32F4xx_HAL_Driver/stm32f4xx_hal_uart.o
 .debug_ranges  0x0000000000000770      0x190 ./Drivers/STM32F4xx_HAL_Driver/stm32f4xx_ll_usb.o
 .debug_ranges  0x0000000000000900       0xb0 ./Middlewares/USB_Host_Library/usbh_core.o
 .debug_ranges  0x00000000000009b0       0x90 ./Middlewares/USB_Host_Library/usbh_ctlreq.o
 .debug_ranges  0x0000000000000a40       0x98 ./Middlewares/USB_Host_Library/usbh_hid.o
 .debug_ranges  0x0000000000000ad8       0x28 ./Middlewares/USB_Host_Library/usbh_hid_keybd.o
 .debug_ranges  0x0000000000000b00       0x20 ./Middlewares/USB_Host_Library/usbh_hid_mouse.o
 .debug_ranges  0x0000000000000b20       0x50 ./Middlewares/USB_Host_Library/usbh_ioreq.o
 .debug_ranges  0x0000000000000b70       0x30 ./Middlewares/USB_Host_Library/usbh_pipes.o
 .debug_ranges  0x0000000000000ba0       0x20 ./USB_HOST/App/usb_host.o
 .debug_ranges  0x0000000000000bc0       0xc8 ./USB_HOST/Target/usbh_conf.o

.debug_macro    0x0000000000000000    0x18a36
 .debug_macro   0x0000000000000000      0x214 ./Core/Src/OLED.o
 .debug_macro   0x0000000000000214      0xa78 ./Core/Src/OLED.o
 .debug_macro   0x0000000000000c8c      0x2a1 ./Core/Src/OLED.o
 .debug_macro   0x0000000000000f2d       0x2e ./Core/Src/OLED.o
 .debug_macro   0x0000000000000f5b       0x28 ./Core/Src/OLED.o
 .debug_macro   0x0000000000000f83       0x22 ./Core/Src/OLED.o
 .debug_macro   0x0000000000000fa5       0x8e ./Core/Src/OLED.o
 .debug_macro   0x0000000000001033       0x51 ./Core/Src/OLED.o
 .debug_macro   0x0000000000001084      0x103 ./Core/Src/OLED.o
 .debug_macro   0x0000000000001187       0x6a ./Core/Src/OLED.o
 .debug_macro   0x00000000000011f1      0x1df ./Core/Src/OLED.o
 .debug_macro   0x00000000000013d0       0x1c ./Core/Src/OLED.o
 .debug_macro   0x00000000000013ec       0x22 ./Core/Src/OLED.o
 .debug_macro   0x000000000000140e       0xd9 ./Core/Src/OLED.o
 .debug_macro   0x00000000000014e7     0x102d ./Core/Src/OLED.o
 .debug_macro   0x0000000000002514      0x11f ./Core/Src/OLED.o
 .debug_macro   0x0000000000002633     0xb86c ./Core/Src/OLED.o
 .debug_macro   0x000000000000de9f       0x6d ./Core/Src/OLED.o
 .debug_macro   0x000000000000df0c     0x367e ./Core/Src/OLED.o
 .debug_macro   0x000000000001158a      0x174 ./Core/Src/OLED.o
 .debug_macro   0x00000000000116fe       0x5c ./Core/Src/OLED.o
 .debug_macro   0x000000000001175a      0x416 ./Core/Src/OLED.o
 .debug_macro   0x0000000000011b70      0x9fe ./Core/Src/OLED.o
 .debug_macro   0x000000000001256e      0x115 ./Core/Src/OLED.o
 .debug_macro   0x0000000000012683       0xf8 ./Core/Src/OLED.o
 .debug_macro   0x000000000001277b       0xa5 ./Core/Src/OLED.o
 .debug_macro   0x0000000000012820      0x15f ./Core/Src/OLED.o
 .debug_macro   0x000000000001297f      0x287 ./Core/Src/OLED.o
 .debug_macro   0x0000000000012c06       0x5f ./Core/Src/OLED.o
 .debug_macro   0x0000000000012c65      0x236 ./Core/Src/OLED.o
 .debug_macro   0x0000000000012e9b       0x22 ./Core/Src/OLED.o
 .debug_macro   0x0000000000012ebd      0x132 ./Core/Src/OLED.o
 .debug_macro   0x0000000000012fef      0x23a ./Core/Src/OLED.o
 .debug_macro   0x0000000000013229       0x2e ./Core/Src/OLED.o
 .debug_macro   0x0000000000013257      0x11a ./Core/Src/OLED.o
 .debug_macro   0x0000000000013371       0x85 ./Core/Src/OLED.o
 .debug_macro   0x00000000000133f6       0x89 ./Core/Src/OLED.o
 .debug_macro   0x000000000001347f      0x295 ./Core/Src/OLED.o
 .debug_macro   0x0000000000013714      0x248 ./Core/Src/OLED.o
 .debug_macro   0x000000000001395c       0x7c ./Core/Src/OLED.o
 .debug_macro   0x00000000000139d8      0x126 ./Core/Src/OLED.o
 .debug_macro   0x0000000000013afe       0x4c ./Core/Src/OLED.o
 .debug_macro   0x0000000000013b4a      0x20c ./Core/Src/main.o
 .debug_macro   0x0000000000013d56      0x1ec ./Core/Src/stm32f4xx_hal_msp.o
 .debug_macro   0x0000000000013f42      0x1f6 ./Core/Src/stm32f4xx_it.o
 .debug_macro   0x0000000000014138       0xff ./Core/Src/sysmem.o
 .debug_macro   0x0000000000014237      0x23b ./Core/Src/sysmem.o
 .debug_macro   0x0000000000014472      0x1dd ./Core/Src/system_stm32f4xx.o
 .debug_macro   0x000000000001464f      0x23d ./Drivers/STM32F4xx_HAL_Driver/stm32f4xx_hal.o
 .debug_macro   0x000000000001488c      0x1dd ./Drivers/STM32F4xx_HAL_Driver/stm32f4xx_hal_cortex.o
 .debug_macro   0x0000000000014a69      0x1dd ./Drivers/STM32F4xx_HAL_Driver/stm32f4xx_hal_crc.o
 .debug_macro   0x0000000000014c46      0x1e3 ./Drivers/STM32F4xx_HAL_Driver/stm32f4xx_hal_gpio.o
 .debug_macro   0x0000000000014e29      0x1dd ./Drivers/STM32F4xx_HAL_Driver/stm32f4xx_hal_hcd.o
 .debug_macro   0x0000000000015006      0x201 ./Drivers/STM32F4xx_HAL_Driver/stm32f4xx_hal_rcc.o
 .debug_macro   0x0000000000015207      0x1de ./Drivers/STM32F4xx_HAL_Driver/stm32f4xx_hal_uart.o
 .debug_macro   0x00000000000153e5      0x1dd ./Drivers/STM32F4xx_HAL_Driver/stm32f4xx_ll_usb.o
 .debug_macro   0x00000000000155c2      0x408 ./Middlewares/USB_Host_Library/usbh_core.o
 .debug_macro   0x00000000000159ca       0x16 ./Middlewares/USB_Host_Library/usbh_core.o
 .debug_macro   0x00000000000159e0       0x97 ./Middlewares/USB_Host_Library/usbh_core.o
 .debug_macro   0x0000000000015a77       0xfd ./Middlewares/USB_Host_Library/usbh_core.o
 .debug_macro   0x0000000000015b74       0x16 ./Middlewares/USB_Host_Library/usbh_core.o
 .debug_macro   0x0000000000015b8a       0x20 ./Middlewares/USB_Host_Library/usbh_core.o
 .debug_macro   0x0000000000015baa       0x56 ./Middlewares/USB_Host_Library/usbh_core.o
 .debug_macro   0x0000000000015c00       0x73 ./Middlewares/USB_Host_Library/usbh_core.o
 .debug_macro   0x0000000000015c73      0x233 ./Middlewares/USB_Host_Library/usbh_core.o
 .debug_macro   0x0000000000015ea6       0x2e ./Middlewares/USB_Host_Library/usbh_core.o
 .debug_macro   0x0000000000015ed4       0x2e ./Middlewares/USB_Host_Library/usbh_core.o
 .debug_macro   0x0000000000015f02       0x28 ./Middlewares/USB_Host_Library/usbh_core.o
 .debug_macro   0x0000000000015f2a      0x400 ./Middlewares/USB_Host_Library/usbh_ctlreq.o
 .debug_macro   0x000000000001632a       0x28 ./Middlewares/USB_Host_Library/usbh_ctlreq.o
 .debug_macro   0x0000000000016352      0x439 ./Middlewares/USB_Host_Library/usbh_hid.o
 .debug_macro   0x000000000001678b      0x5b6 ./Middlewares/USB_Host_Library/usbh_hid.o
 .debug_macro   0x0000000000016d41      0x12f ./Middlewares/USB_Host_Library/usbh_hid.o
 .debug_macro   0x0000000000016e70      0x256 ./Middlewares/USB_Host_Library/usbh_hid.o
 .debug_macro   0x00000000000170c6      0x475 ./Middlewares/USB_Host_Library/usbh_hid_keybd.o
 .debug_macro   0x000000000001753b      0x43d ./Middlewares/USB_Host_Library/usbh_hid_mouse.o
 .debug_macro   0x0000000000017978      0x3fa ./Middlewares/USB_Host_Library/usbh_ioreq.o
 .debug_macro   0x0000000000017d72      0x3fa ./Middlewares/USB_Host_Library/usbh_pipes.o
 .debug_macro   0x000000000001816c      0x430 ./USB_HOST/App/usb_host.o
 .debug_macro   0x000000000001859c       0x52 ./USB_HOST/App/usb_host.o
 .debug_macro   0x00000000000185ee       0x52 ./USB_HOST/App/usb_host.o
 .debug_macro   0x0000000000018640      0x3f6 ./USB_HOST/Target/usbh_conf.o

.debug_line     0x0000000000000000    0x14a6c
 .debug_line    0x0000000000000000      0xb2a ./Core/Src/OLED.o
 .debug_line    0x0000000000000b2a      0x902 ./Core/Src/main.o
 .debug_line    0x000000000000142c      0x83f ./Core/Src/stm32f4xx_hal_msp.o
 .debug_line    0x0000000000001c6b      0x895 ./Core/Src/stm32f4xx_it.o
 .debug_line    0x0000000000002500      0x4f4 ./Core/Src/sysmem.o
 .debug_line    0x00000000000029f4      0x83c ./Core/Src/system_stm32f4xx.o
 .debug_line    0x0000000000003230       0x88 ./Core/Startup/startup_stm32f401ccux.o
 .debug_line    0x00000000000032b8      0xadb ./Drivers/STM32F4xx_HAL_Driver/stm32f4xx_hal.o
 .debug_line    0x0000000000003d93      0xd8a ./Drivers/STM32F4xx_HAL_Driver/stm32f4xx_hal_cortex.o
 .debug_line    0x0000000000004b1d      0x93a ./Drivers/STM32F4xx_HAL_Driver/stm32f4xx_hal_crc.o
 .debug_line    0x0000000000005457      0xc13 ./Drivers/STM32F4xx_HAL_Driver/stm32f4xx_hal_gpio.o
 .debug_line    0x000000000000606a     0x12d8 ./Drivers/STM32F4xx_HAL_Driver/stm32f4xx_hal_hcd.o
 .debug_line    0x0000000000007342      0xe55 ./Drivers/STM32F4xx_HAL_Driver/stm32f4xx_hal_rcc.o
 .debug_line    0x0000000000008197     0x2b80 ./Drivers/STM32F4xx_HAL_Driver/stm32f4xx_hal_uart.o
 .debug_line    0x000000000000ad17     0x1b98 ./Drivers/STM32F4xx_HAL_Driver/stm32f4xx_ll_usb.o
 .debug_line    0x000000000000c8af     0x12be ./Middlewares/USB_Host_Library/usbh_core.o
 .debug_line    0x000000000000db6d     0x1181 ./Middlewares/USB_Host_Library/usbh_ctlreq.o
 .debug_line    0x000000000000ecee     0x11a5 ./Middlewares/USB_Host_Library/usbh_hid.o
 .debug_line    0x000000000000fe93      0xd52 ./Middlewares/USB_Host_Library/usbh_hid_keybd.o
 .debug_line    0x0000000000010be5      0xcbe ./Middlewares/USB_Host_Library/usbh_hid_mouse.o
 .debug_line    0x00000000000118a3      0xc1a ./Middlewares/USB_Host_Library/usbh_ioreq.o
 .debug_line    0x00000000000124bd      0xbc4 ./Middlewares/USB_Host_Library/usbh_pipes.o
 .debug_line    0x0000000000013081      0xbd6 ./USB_HOST/App/usb_host.o
 .debug_line    0x0000000000013c57      0xe15 ./USB_HOST/Target/usbh_conf.o

.debug_str      0x0000000000000000    0x8c136
 .debug_str     0x0000000000000000    0x7fe05 ./Core/Src/OLED.o
                                      0x800c0 (size before relaxing)
 .debug_str     0x000000000007fe05      0x8b0 ./Core/Src/main.o
                                      0x806e2 (size before relaxing)
 .debug_str     0x00000000000806b5       0x88 ./Core/Src/stm32f4xx_hal_msp.o
                                      0x80428 (size before relaxing)
 .debug_str     0x000000000008073d      0x45c ./Core/Src/stm32f4xx_it.o
                                      0x80250 (size before relaxing)
 .debug_str     0x0000000000080b99     0x1e75 ./Core/Src/sysmem.o
                                       0x5dae (size before relaxing)
 .debug_str     0x0000000000082a0e       0xdb ./Core/Src/system_stm32f4xx.o
                                      0x7fe11 (size before relaxing)
 .debug_str     0x0000000000082ae9       0x36 ./Core/Startup/startup_stm32f401ccux.o
                                         0x70 (size before relaxing)
 .debug_str     0x0000000000082b1f      0x9f1 ./Drivers/STM32F4xx_HAL_Driver/stm32f4xx_hal.o
                                      0x8086c (size before relaxing)
 .debug_str     0x0000000000083510      0x37c ./Drivers/STM32F4xx_HAL_Driver/stm32f4xx_hal_cortex.o
                                      0x8058d (size before relaxing)
 .debug_str     0x000000000008388c       0xd0 ./Drivers/STM32F4xx_HAL_Driver/stm32f4xx_hal_crc.o
                                      0x7fe66 (size before relaxing)
 .debug_str     0x000000000008395c      0x155 ./Drivers/STM32F4xx_HAL_Driver/stm32f4xx_hal_gpio.o
                                      0x7ffc5 (size before relaxing)
 .debug_str     0x0000000000083ab1      0x57e ./Drivers/STM32F4xx_HAL_Driver/stm32f4xx_hal_hcd.o
                                      0x80615 (size before relaxing)
 .debug_str     0x000000000008402f      0x26c ./Drivers/STM32F4xx_HAL_Driver/stm32f4xx_hal_rcc.o
                                      0x8027e (size before relaxing)
 .debug_str     0x000000000008429b      0x673 ./Drivers/STM32F4xx_HAL_Driver/stm32f4xx_hal_uart.o
                                      0x8080b (size before relaxing)
 .debug_str     0x000000000008490e      0x554 ./Drivers/STM32F4xx_HAL_Driver/stm32f4xx_ll_usb.o
                                      0x80762 (size before relaxing)
 .debug_str     0x0000000000084e62     0x4112 ./Middlewares/USB_Host_Library/usbh_core.o
                                      0x858fe (size before relaxing)
 .debug_str     0x0000000000088f74      0x2be ./Middlewares/USB_Host_Library/usbh_ctlreq.o
                                      0x858a2 (size before relaxing)
 .debug_str     0x0000000000089232     0x2825 ./Middlewares/USB_Host_Library/usbh_hid.o
                                      0x87ef7 (size before relaxing)
 .debug_str     0x000000000008ba57      0x2df ./Middlewares/USB_Host_Library/usbh_hid_keybd.o
                                      0x87dae (size before relaxing)
 .debug_str     0x000000000008bd36      0x132 ./Middlewares/USB_Host_Library/usbh_hid_mouse.o
                                      0x87c34 (size before relaxing)
 .debug_str     0x000000000008be68       0xf8 ./Middlewares/USB_Host_Library/usbh_ioreq.o
                                      0x856a7 (size before relaxing)
 .debug_str     0x000000000008bf60       0xb1 ./Middlewares/USB_Host_Library/usbh_pipes.o
                                      0x8563d (size before relaxing)
 .debug_str     0x000000000008c011       0xa2 ./USB_HOST/App/usb_host.o
                                      0x86cc3 (size before relaxing)
 .debug_str     0x000000000008c0b3       0x83 ./USB_HOST/Target/usbh_conf.o
                                      0x86370 (size before relaxing)

.comment        0x0000000000000000       0x50
 .comment       0x0000000000000000       0x50 ./Core/Src/OLED.o
                                         0x51 (size before relaxing)
 .comment       0x0000000000000050       0x51 ./Core/Src/main.o
 .comment       0x0000000000000050       0x51 ./Core/Src/stm32f4xx_hal_msp.o
 .comment       0x0000000000000050       0x51 ./Core/Src/stm32f4xx_it.o
 .comment       0x0000000000000050       0x51 ./Core/Src/sysmem.o
 .comment       0x0000000000000050       0x51 ./Core/Src/system_stm32f4xx.o
 .comment       0x0000000000000050       0x51 ./Drivers/STM32F4xx_HAL_Driver/stm32f4xx_hal.o
 .comment       0x0000000000000050       0x51 ./Drivers/STM32F4xx_HAL_Driver/stm32f4xx_hal_cortex.o
 .comment       0x0000000000000050       0x51 ./Drivers/STM32F4xx_HAL_Driver/stm32f4xx_hal_crc.o
 .comment       0x0000000000000050       0x51 ./Drivers/STM32F4xx_HAL_Driver/stm32f4xx_hal_gpio.o
 .comment       0x0000000000000050       0x51 ./Drivers/STM32F4xx_HAL_Driver/stm32f4xx_hal_hcd.o
 .comment       0x0000000000000050       0x51 ./Drivers/STM32F4xx_HAL_Driver/stm32f4xx_hal_rcc.o
 .comment       0x0000000000000050       0x51 ./Drivers/STM32F4xx_HAL_Driver/stm32f4xx_hal_uart.o
 .comment       0x0000000000000050       0x51 ./Drivers/STM32F4xx_HAL_Driver/stm32f4xx_ll_usb.o
 .comment       0x0000000000000050       0x51 ./Middlewares/USB_Host_Library/usbh_core.o
 .comment       0x0000000000000050       0x51 ./Middlewares/USB_Host_Library/usbh_ctlreq.o
 .comment       0x0000000000000050       0x51 ./Middlewares/USB_Host_Library/usbh_hid.o
 .comment       0x0000000000000050       0x51 ./Middlewares/USB_Host_Library/usbh_hid_keybd.o
 .comment       0x0000000000000050       0x51 ./Middlewares/USB_Host_Library/usbh_hid_mouse.o
 .comment       0x0000000000000050       0x51 ./Middlewares/USB_Host_Library/usbh_ioreq.o
 .comment       0x0000000000000050       0x51 ./Middlewares/USB_Host_Library/usbh_pipes.o
 .comment       0x0000000000000050       0x51 ./USB_HOST/App/usb_host.o
 .comment       0x0000000000000050       0x51 ./USB_HOST/Target/usbh_conf.o

.debug_frame    0x0000000000000000     0x3998
 .debug_frame   0x0000000000000000      0x210 ./Core/Src/OLED.o
 .debug_frame   0x0000000000000210       0xc4 ./Core/Src/main.o
 .debug_frame   0x00000000000002d4       0xd0 ./Core/Src/stm32f4xx_hal_msp.o
 .debug_frame   0x00000000000003a4      0x120 ./Core/Src/stm32f4xx_it.o
 .debug_frame   0x00000000000004c4       0x34 ./Core/Src/sysmem.o
 .debug_frame   0x00000000000004f8       0x58 ./Core/Src/system_stm32f4xx.o
 .debug_frame   0x0000000000000550      0x374 ./Drivers/STM32F4xx_HAL_Driver/stm32f4xx_hal.o
 .debug_frame   0x00000000000008c4      0x498 ./Drivers/STM32F4xx_HAL_Driver/stm32f4xx_hal_cortex.o
 .debug_frame   0x0000000000000d5c      0x120 ./Drivers/STM32F4xx_HAL_Driver/stm32f4xx_hal_crc.o
 .debug_frame   0x0000000000000e7c      0x14c ./Drivers/STM32F4xx_HAL_Driver/stm32f4xx_hal_gpio.o
 .debug_frame   0x0000000000000fc8      0x450 ./Drivers/STM32F4xx_HAL_Driver/stm32f4xx_hal_hcd.o
 .debug_frame   0x0000000000001418      0x1f4 ./Drivers/STM32F4xx_HAL_Driver/stm32f4xx_hal_rcc.o
 .debug_frame   0x000000000000160c      0x92c ./Drivers/STM32F4xx_HAL_Driver/stm32f4xx_hal_uart.o
 .debug_frame   0x0000000000001f38      0x7c0 ./Drivers/STM32F4xx_HAL_Driver/stm32f4xx_ll_usb.o
 .debug_frame   0x00000000000026f8      0x338 ./Middlewares/USB_Host_Library/usbh_core.o
 .debug_frame   0x0000000000002a30      0x28c ./Middlewares/USB_Host_Library/usbh_ctlreq.o
 .debug_frame   0x0000000000002cbc      0x2bc ./Middlewares/USB_Host_Library/usbh_hid.o
 .debug_frame   0x0000000000002f78       0xa4 ./Middlewares/USB_Host_Library/usbh_hid_keybd.o
 .debug_frame   0x000000000000301c       0x7c ./Middlewares/USB_Host_Library/usbh_hid_mouse.o
 .debug_frame   0x0000000000003098      0x154 ./Middlewares/USB_Host_Library/usbh_ioreq.o
 .debug_frame   0x00000000000031ec       0xcc ./Middlewares/USB_Host_Library/usbh_pipes.o
 .debug_frame   0x00000000000032b8       0x70 ./USB_HOST/App/usb_host.o
 .debug_frame   0x0000000000003328      0x388 ./USB_HOST/Target/usbh_conf.o
 .debug_frame   0x00000000000036b0       0x20 c:/st/stm32cubeide_1.11.2/stm32cubeide/plugins/com.st.stm32cube.ide.mcu.externaltools.gnu-tools-for-stm32.10.3-2021.10.win32_1.0.100.202210260954/tools/bin/../lib/gcc/arm-none-eabi/10.3.1/../../../../arm-none-eabi/lib/thumb/v7e-m+fp/hard\libc_nano.a(lib_a-errno.o)
 .debug_frame   0x00000000000036d0       0x2c c:/st/stm32cubeide_1.11.2/stm32cubeide/plugins/com.st.stm32cube.ide.mcu.externaltools.gnu-tools-for-stm32.10.3-2021.10.win32_1.0.100.202210260954/tools/bin/../lib/gcc/arm-none-eabi/10.3.1/../../../../arm-none-eabi/lib/thumb/v7e-m+fp/hard\libc_nano.a(lib_a-init.o)
 .debug_frame   0x00000000000036fc       0x30 c:/st/stm32cubeide_1.11.2/stm32cubeide/plugins/com.st.stm32cube.ide.mcu.externaltools.gnu-tools-for-stm32.10.3-2021.10.win32_1.0.100.202210260954/tools/bin/../lib/gcc/arm-none-eabi/10.3.1/../../../../arm-none-eabi/lib/thumb/v7e-m+fp/hard\libc_nano.a(lib_a-malloc.o)
 .debug_frame   0x000000000000372c       0x20 c:/st/stm32cubeide_1.11.2/stm32cubeide/plugins/com.st.stm32cube.ide.mcu.externaltools.gnu-tools-for-stm32.10.3-2021.10.win32_1.0.100.202210260954/tools/bin/../lib/gcc/arm-none-eabi/10.3.1/../../../../arm-none-eabi/lib/thumb/v7e-m+fp/hard\libc_nano.a(lib_a-memset.o)