../Core/Src/OLED.c:12:6:OLED_SPI_Init	8	static
../Core/Src/OLED.c:26:6:OLED_SPI_SendByte	24	static
../Core/Src/OLED.c:42:6:OLED_WriteCommand	16	static
../Core/Src/OLED.c:55:6:OLED_WriteData	16	static
../Core/Src/OLED.c:69:6:OLED_SetCursor	16	static
../Core/Src/OLED.c:81:6:OLED_Clear	16	static
../Core/Src/OLED.c:101:6:OLED_ShowChar	24	static
../Core/Src/OLED.c:123:6:OLED_ShowString	24	static
../Core/Src/OLED.c:136:10:OLED_Pow	24	static
../Core/Src/OLED.c:154:6:OLED_ShowNum	32	static
../Core/Src/OLED.c:171:6:OLED_ShowSignedNum	32	static
../Core/Src/OLED.c:199:6:OLED_ShowHexNum	24	static
../Core/Src/OLED.c:224:6:OLED_ShowBinNum	32	static
../Core/Src/OLED.c:238:6:OLED_Init	16	static
