19:32:02 **** Incremental Build of configuration Debug for project F103C8T6_Device ****
make -j16 all 
arm-none-eabi-gcc "../Core/Src/main.c" -mcpu=cortex-m3 -std=gnu11 -g3 -DDEBUG -DUSE_HAL_DRIVER -DSTM32F103xB -c -I../Core/Inc -I../Drivers/STM32F1xx_HAL_Driver/Inc/Legacy -I../Drivers/STM32F1xx_HAL_Driver/Inc -I../Drivers/CMSIS/Device/ST/STM32F1xx/Include -I../Drivers/CMSIS/Include -O0 -ffunction-sections -fdata-sections -Wall -fstack-usage -fcyclomatic-complexity -MMD -MP -MF"Core/Src/main.d" -MT"Core/Src/main.o" --specs=nano.specs -mfloat-abi=soft -mthumb -o "Core/Src/main.o"
arm-none-eabi-gcc -o "F103C8T6_Device.elf" @"objects.list"   -mcpu=cortex-m3 -T"C:\Users\David\Source\Repos\STM32LibBackup\F103C8T6_Device\STM32F103C8TX_FLASH.ld" --specs=nosys.specs -Wl,-Map="F103C8T6_Device.map" -Wl,--gc-sections -static --specs=nano.specs -mfloat-abi=soft -mthumb -Wl,--start-group -lc -lm -Wl,--end-group
Finished building target: F103C8T6_Device.elf
 
arm-none-eabi-size   F103C8T6_Device.elf 
arm-none-eabi-objdump -h -S  F103C8T6_Device.elf  > "F103C8T6_Device.list"
   text	   data	    bss	    dec	    hex	filename
  10872	     36	   1652	  12560	   3110	F103C8T6_Device.elf
Finished building: default.size.stdout
 
Finished building: F103C8T6_Device.list
 
